Archive member included because of file (symbol)

C:\CodeSourcery\Sourcery G++ Lite/arm-none-eabi/lib\libc.a(lib_a-atoi.o)
                              uart.o (atoi)
C:\CodeSourcery\Sourcery G++ Lite/arm-none-eabi/lib\libc.a(lib_a-ctype_.o)
                              uart.o (__ctype_ptr__)
C:\CodeSourcery\Sourcery G++ Lite/arm-none-eabi/lib\libc.a(lib_a-strlen.o)
                              uart.o (strlen)
C:\CodeSourcery\Sourcery G++ Lite/arm-none-eabi/lib\libc.a(lib_a-strtol.o)
                              C:\CodeSourcery\Sourcery G++ Lite/arm-none-eabi/lib\libc.a(lib_a-atoi.o) (_strtol_r)
C:\CodeSourcery\Sourcery G++ Lite/arm-none-eabi/lib\libc.a(lib_a-vsprintf.o)
                              graphics.o (vsprintf)
C:\CodeSourcery\Sourcery G++ Lite/arm-none-eabi/lib\libc.a(lib_a-impure.o)
                              C:\CodeSourcery\Sourcery G++ Lite/arm-none-eabi/lib\libc.a(lib_a-strtol.o) (_impure_ptr)
C:\CodeSourcery\Sourcery G++ Lite/arm-none-eabi/lib\libc.a(lib_a-svfprintf.o)
                              C:\CodeSourcery\Sourcery G++ Lite/arm-none-eabi/lib\libc.a(lib_a-vsprintf.o) (_svfprintf_r)
C:\CodeSourcery\Sourcery G++ Lite/arm-none-eabi/lib\libc.a(lib_a-dtoa.o)
                              C:\CodeSourcery\Sourcery G++ Lite/arm-none-eabi/lib\libc.a(lib_a-svfprintf.o) (_dtoa_r)
C:\CodeSourcery\Sourcery G++ Lite/arm-none-eabi/lib\libc.a(lib_a-locale.o)
                              C:\CodeSourcery\Sourcery G++ Lite/arm-none-eabi/lib\libc.a(lib_a-svfprintf.o) (_localeconv_r)
C:\CodeSourcery\Sourcery G++ Lite/arm-none-eabi/lib\libc.a(lib_a-mallocr.o)
                              C:\CodeSourcery\Sourcery G++ Lite/arm-none-eabi/lib\libc.a(lib_a-svfprintf.o) (_malloc_r)
C:\CodeSourcery\Sourcery G++ Lite/arm-none-eabi/lib\libc.a(lib_a-memchr-stub.o)
                              C:\CodeSourcery\Sourcery G++ Lite/arm-none-eabi/lib\libc.a(lib_a-svfprintf.o) (memchr)
C:\CodeSourcery\Sourcery G++ Lite/arm-none-eabi/lib\libc.a(lib_a-memcpy-stub.o)
                              C:\CodeSourcery\Sourcery G++ Lite/arm-none-eabi/lib\libc.a(lib_a-dtoa.o) (memcpy)
C:\CodeSourcery\Sourcery G++ Lite/arm-none-eabi/lib\libc.a(lib_a-mlock.o)
                              C:\CodeSourcery\Sourcery G++ Lite/arm-none-eabi/lib\libc.a(lib_a-mallocr.o) (__malloc_lock)
C:\CodeSourcery\Sourcery G++ Lite/arm-none-eabi/lib\libc.a(lib_a-mprec.o)
                              C:\CodeSourcery\Sourcery G++ Lite/arm-none-eabi/lib\libc.a(lib_a-dtoa.o) (_Balloc)
C:\CodeSourcery\Sourcery G++ Lite/arm-none-eabi/lib\libc.a(lib_a-s_fpclassify.o)
                              C:\CodeSourcery\Sourcery G++ Lite/arm-none-eabi/lib\libc.a(lib_a-svfprintf.o) (__fpclassifyd)
C:\CodeSourcery\Sourcery G++ Lite/arm-none-eabi/lib\libc.a(lib_a-sbrkr.o)
                              C:\CodeSourcery\Sourcery G++ Lite/arm-none-eabi/lib\libc.a(lib_a-mallocr.o) (_sbrk_r)
C:\CodeSourcery\Sourcery G++ Lite/arm-none-eabi/lib\libc.a(lib_a-strcmp.o)
                              C:\CodeSourcery\Sourcery G++ Lite/arm-none-eabi/lib\libc.a(lib_a-locale.o) (strcmp)
C:\CodeSourcery\Sourcery G++ Lite/arm-none-eabi/lib\libc.a(lib_a-svfiprintf.o)
                              C:\CodeSourcery\Sourcery G++ Lite/arm-none-eabi/lib\libc.a(lib_a-svfprintf.o) (__ssprint_r)
C:\CodeSourcery\Sourcery G++ Lite/arm-none-eabi/lib\libc.a(lib_a-callocr.o)
                              C:\CodeSourcery\Sourcery G++ Lite/arm-none-eabi/lib\libc.a(lib_a-mprec.o) (_calloc_r)
C:\CodeSourcery\Sourcery G++ Lite/arm-none-eabi/lib\libc.a(lib_a-freer.o)
                              C:\CodeSourcery\Sourcery G++ Lite/arm-none-eabi/lib\libc.a(lib_a-mallocr.o) (_free_r)
C:\CodeSourcery\Sourcery G++ Lite/arm-none-eabi/lib\libc.a(lib_a-memmove.o)
                              C:\CodeSourcery\Sourcery G++ Lite/arm-none-eabi/lib\libc.a(lib_a-svfiprintf.o) (memmove)
C:\CodeSourcery\Sourcery G++ Lite/arm-none-eabi/lib\libc.a(lib_a-memset.o)
                              C:\CodeSourcery\Sourcery G++ Lite/arm-none-eabi/lib\libc.a(lib_a-callocr.o) (memset)
C:\CodeSourcery\Sourcery G++ Lite/arm-none-eabi/lib\libc.a(lib_a-reallocr.o)
                              C:\CodeSourcery\Sourcery G++ Lite/arm-none-eabi/lib\libc.a(lib_a-svfiprintf.o) (_realloc_r)
C:\CodeSourcery\Sourcery G++ Lite/arm-none-eabi/lib\libc.a(lib_a-reent.o)
                              C:\CodeSourcery\Sourcery G++ Lite/arm-none-eabi/lib\libc.a(lib_a-sbrkr.o) (errno)
C:\CodeSourcery\Sourcery G++ Lite/lib/gcc/arm-none-eabi/4.8.1\libgcc.a(_udivsi3.o)
                              C:\CodeSourcery\Sourcery G++ Lite/arm-none-eabi/lib\libc.a(lib_a-strtol.o) (__aeabi_uidiv)
C:\CodeSourcery\Sourcery G++ Lite/lib/gcc/arm-none-eabi/4.8.1\libgcc.a(_dvmd_tls.o)
                              C:\CodeSourcery\Sourcery G++ Lite/lib/gcc/arm-none-eabi/4.8.1\libgcc.a(_udivsi3.o) (__aeabi_idiv0)
C:\CodeSourcery\Sourcery G++ Lite/lib/gcc/arm-none-eabi/4.8.1\libgcc.a(_arm_addsubdf3.o)
[...]
Memory Configuration

Name             Origin             Length             Attributes
RAM              0x40000000         0x03800000         xrw
*default*        0x00000000         0xffffffff

Linker script and memory map

LOAD Exception.o
LOAD cp15.o
LOAD gic.o
LOAD graphics.o
LOAD key.o
LOAD led.o
LOAD main.o
LOAD pcb_list.o
LOAD runtime.o
LOAD sdhc.o
LOAD timer.o
LOAD uart.o
LOAD asm_function.o
LOAD cp15a.o
LOAD crt0.o
LOAD switch_app.o
LOAD C:\CodeSourcery\Sourcery G++ Lite/arm-none-eabi/lib\libc.a
LOAD C:\CodeSourcery\Sourcery G++ Lite/lib/gcc/arm-none-eabi/4.8.1\libgcc.a

.text           0x40000000     0xe970
 crt0.o(.text)
 .text          0x40000000      0x194 crt0.o
                0x40000000                __start
 *(.text)
 .text          0x40000194      0x558 Exception.o
                0x40000194                Invalid_ISR
                0x400001a0                SDHC_ISR
                0x4000028c                Uart1_ISR
                0x400002dc                Timer0_ISR
                0x40000354                Undef_Handler
                0x4000038c                Dabort_Handler
                0x40000400                Pabort_Handler
                0x40000460                SVC_Handler
                0x400004a0                IRQ_Context_Switch
                0x40000604                Key3_ISR
                0x40000648                Key4_ISR
 .text          0x400006ec     0x1844 cp15.o
                0x40000f30                CoGetPAfromVA
                0x40000fb0                L2C_Invalidate_VA
                0x40001038                L2C_Clean_VA
                0x400010c0                L2C_CleanAndInvalidate_VA
                0x40001148                L2C_Enable
                0x400011a4                L2C_Disable
                0x400011d0                L2C_Invalidate_All
                0x40001200                L2C_Invalidate_PA
                0x4000121c                L2C_Invalidate_Way
                0x40001250                L2C_Clean_All
                0x40001280                L2C_Clean_PA
                0x4000129c                L2C_Clean_SetWay
                0x400012bc                L2C_Clean_Way
                0x400012f0                L2C_CleanAndInvalidate_All
                0x40001320                L2C_CleanAndInvalidate_PA
                0x4000133c                L2C_CleanAndInvalidate_SetWay
                0x4000135c                L2C_CleanAndInvalidate_Way
                0x40001390                SetTransTable
                0x400013d4                CoStopMmuAndL1L2Cache
                0x4000147c                CoStartMmuAndDCache
                0x40001d58                CoInitMmuAndL1L2Cache
                0x40001e38                CoStartMmuAndL1L2Cache
 .text          0x40001f30      0x280 gic.o
                0x40001f30                GIC_Distributor_Enable
                0x40001f48                GIC_CPU_Interface_Enable
                0x40001f5c                GIC_Set_Priority_Mask
                0x40001f74                GIC_Interrupt_Enable
                0x40001fc0                GIC_Interrupt_Disable
                0x4000200c                GIC_Set_Interrupt_Priority
                0x40002090                GIC_Set_Processor_Target
                0x4000211c                GIC_Clear_Pending_Clear
                0x40002164                GIC_Read_INTACK
                0x40002180                GIC_Write_EOI
                0x40002198                GIC_Generate_SGI
 .text          0x400021b0     0x1c34 graphics.o
                0x40002974                udelay_f
                0x40002978                LCD_Clock_Init
                0x400029e0                Lcd_Init
                0x40002ba8                Lcd_Win_Init
                0x40002d24                Lcd_Put_Pixel
                0x40002d54                Lcd_Get_Pixel
                0x40002d7c                Lcd_Get_Pixel_Address
                0x40002da0                Lcd_Clr_Screen
                0x40002e28                Lcd_Draw_Back_Color
                0x40002eb0                Lcd_Get_Info_BMP
                0x40002ec4                Lcd_Draw_BMP
                0x40002f68                Lcd_Draw_Image
                0x40002ff4                Lcd_Select_Draw_Frame_Buffer
                0x4000301c                Lcd_Select_Display_Frame_Buffer
                0x40003050                absf
                0x4000306c                Lcd_Brightness_Control
                0x40003090                Lcd_Draw_BMP_File_24bpp
                0x400031d4                Lcd_Han_Putch
                0x4000359c                Lcd_Eng_Putch
                0x40003710                Lcd_Puts
                0x4000392c                Lcd_Draw_Bar
                0x400039ac                Lcd_Draw_Line
                0x40003b60                Lcd_Printf
                0x40003d98                Lcd_Draw_STACK
 .text          0x40003de4      0x134 key.o
                0x40003de4                Key_Poll_Init
                0x40003df8                Key_Get_Key_Pressed
                0x40003e0c                Key_Wait_Key_Released
                0x40003e24                Key_Wait_Key_Pressed
                0x40003e40                Key_ISR_Init
                0x40003e70                Key_ISR_Enable
 .text          0x40003f18       0x40 led.o
                0x40003f18                LED_Init
                0x40003f3c                LED_Display
 .text          0x40003f58      0x49c main.o
                0x40003f58                init_transtable
                0x40003fe4                App_Read
                0x40004030                start_app_0
                0x400040ac                start_app_1
                0x40004128                Main
 .text          0x400043f4       0x1c pcb_list.o
                0x400043f4                pcb_list_init
 .text          0x40004410       0xb4 runtime.o
                0x40004410                _sbrk
                0x4000445c                Get_Stack_Base
                0x40004464                Get_Stack_Limit
                0x40004470                Get_Heap_Base
                0x40004480                Get_Heap_Limit
                0x4000448c                Delay
 .text          0x400044c4      0xcc0 sdhc.o
                0x400044c4                SDHC_Init
                0x4000456c                SDHC_Card_Init
                0x4000487c                SDHC_Port_Init
                0x400048bc                SDHC_Clock_Supply
                0x40004900                SDHC_Clock_Stop
                0x40004918                SDHC_CMD0
                0x40004978                SDHC_CMD8
                0x400049e0                SDHC_CMD55
                0x40004a40                SDHC_ACMD41
                0x40004afc                SDHC_CMD2
                0x40004b64                SDHC_CMD3
                0x40004bd0                SDHC_CMD7
                0x40004c58                SDHC_ACMD6_4bit
                0x40004d18                SDHC_ISR_Enable
                0x40004df8                SDHC_BusPower_Control
                0x40004e84                SDHC_Change_Dat_Width_4bit
                0x40004f50                SD_Read_Sector
                0x40005060                SD_Write_Sector
 .text          0x40005184      0x13c timer.o
                0x40005184                Timer0_Delay
                0x40005208                Timer0_Int_Delay
 .text          0x400052c0      0x630 uart.o
                0x400052c0                Uart1_Init
                0x40005390                Uart1_Send_Byte
                0x400053e4                Uart1_Send_String
                0x40005450                Uart1_Printf
                0x400054e8                Uart1_Get_Char
                0x40005510                Uart1_Get_Pressed
                0x4000552c                Uart1_ISR_Enable
                0x400055f8                Uart1_GetString
                0x400056f0                Uart1_GetIntNum
 .text          0x400058f0      0x12c asm_function.o
                0x400058f0                Run_App
                0x4000590c                Get_User_SP
                0x40005920                Get_User_Stack_Base
                0x40005928                Get_User_Stack_Limit
                0x40005930                Save_Context
                0x40005944                Restore_Context_And_Switch
                0x4000595c                set_ttbr_app_0
                0x40005998                set_ttbr_app_1
                0x400059d4                PABT_Falut_Status
                0x400059dc                PABT_Falut_Address
                0x400059e4                DABT_Falut_Status
                0x400059ec                DABT_Falut_Address
                0x400059f4                Get_SP
                0x400059fc                Main_ID
                0x40005a04                TLB_Type
 .text          0x40005a1c      0x544 cp15a.o
                0x40005a1c                exynos_smc
                0x40005a2c                CoGetOSReadPA
                0x40005a3c                CoGetOSWritePA
                0x40005a4c                CoGetUserReadPA
                0x40005a5c                CoGetUserWritePA
                0x40005a6c                CoEnableL2PrefetchHint
                0x40005a7c                CoDisableL2PrefetchHint
                0x40005a8c                CoEnableICache
                0x40005aa8                CoDisableICache
                0x40005ac4                CoEnableDCache
                0x40005ad4                CoDisableDCache
                0x40005ae4                CoReadCTR
                0x40005aec                CoReadCLIDR
                0x40005af4                CoReadCCSIDR
                0x40005afc                CoReadCSSELR
                0x40005b04                CoEnableIrq
                0x40005b14                CoDisableIrq
                0x40005b24                CoEnableFiq
                0x40005b34                CoDisableFiq
                0x40005b44                CoSetIF
                0x40005b58                CoWrIF
                0x40005b60                CoClrIF
                0x40005b70                CoEnableVectoredInt
                0x40005b80                CoDisableVectoredInt
                0x40005b90                CoEnableUnalignedAccess
                0x40005ba0                CoDisableUnalignedAccess
                0x40005bb0                CoEnableAlignFault
                0x40005bc0                CoDisableAlignFault
                0x40005bd0                CoEnableMmu
                0x40005be0                CoDisableMmu
                0x40005bf0                CoSetFastBusMode
                0x40005c00                CoSetAsyncBusMode
                0x40005c10                CoEnableBranchPrediction
                0x40005c20                CoDisableBranchPrediction
                0x40005c30                CoEnableVfp
                0x40005c40                CoEnableNeon
                0x40005c50                CoSetTTBase
                0x40005c58                CoSelTTBReg0
                0x40005c64                CoSetASID
                0x40005c6c                CoGetASID
                0x40005c74                CoSetDomain
                0x40005c7c                CoWaitForInterrupt
                0x40005c88                CoInvalidateICache
                0x40005c98                CoInvalidateDCache
                0x40005ca8                CoInvalidateDCacheVA
                0x40005cb4                CoInvalidateDCacheIndex
                0x40005cc0                CoInvalidateBothCaches
                0x40005cd0                CoCleanDCacheVA
                0x40005cdc                CoCleanDCacheIndex
                0x40005ce8                CoDataSyncBarrier
                0x40005cf0                CoPrefetchICacheLineVA
                0x40005cf8                CoCleanAndInvalidateDCacheVA
                0x40005d04                CoCleanAndInvalidateDCacheIndex
                0x40005d10                CoInvalidateITlb
                0x40005d1c                CoInvalidateITlbVA
                0x40005d24                CoInvalidateITlbASID
                0x40005d2c                CoInvalidateDTlb
                0x40005d38                CoInvalidateDTlbVA
                0x40005d40                CoInvalidateDTlbASID
                0x40005d48                CoInvalidateMainTlb
                0x40005d54                CoInvalidateMainTlbVA
                0x40005d5c                CoInvalidateMainTlbASID
                0x40005d68                CoSetDCacheLockdownBase
                0x40005d70                CoSetICacheLockdownBase
                0x40005d78                CoLockL2Cache
                0x40005d88                CoUnLockL2Cache
                0x40005d98                CoSetL2CacheAuxCrtlReg
                0x40005da0                CoSetDTlbLockdown
                0x40005da8                CoSetITlbLockdown
                0x40005db0                CoSetL2CacheLines
                0x40005dbc                CoCopyToL2Cache
                0x40005e10                CoCopyFromL2Cache
                0x40005e5c                CoStopPLE
                0x40005e68                CoNonSecureAccCtrl
                0x40005e7c                CoGetCacheSizeID
                0x40005e88                CoGetPAreg
                0x40005e94                CoGetNormalMemRemapReg
                0x40005ea0                CoInvalidateDCacheForV7
                0x40005f30                CoSetExceptonVectoerBase
                0x40005f38                CoSetProcessId
                0x40005f40                CoSetMpll
 .text          0x40005f60        0x0 switch_app.o
 .text          0x40005f60       0x30 C:\CodeSourcery\Sourcery G++ Lite/arm-none-eabi/lib\libc.a(lib_a-atoi.o)
                0x40005f60                atoi
                0x40005f78                _atoi_r
 .text          0x40005f90        0x0 C:\CodeSourcery\Sourcery G++ Lite/arm-none-eabi/lib\libc.a(lib_a-ctype_.o)
 .text          0x40005f90       0x60 C:\CodeSourcery\Sourcery G++ Lite/arm-none-eabi/lib\libc.a(lib_a-strlen.o)
                0x40005f90                strlen
 .text          0x40005ff0      0x1f8 C:\CodeSourcery\Sourcery G++ Lite/arm-none-eabi/lib\libc.a(lib_a-strtol.o)
                0x40005ff0                _strtol_r
                0x400061c0                strtol
 .text          0x400061e8       0x78 C:\CodeSourcery\Sourcery G++ Lite/arm-none-eabi/lib\libc.a(lib_a-vsprintf.o)
                0x400061e8                _vsprintf_r
                0x40006238                vsprintf
 .text          0x40006260        0x0 C:\CodeSourcery\Sourcery G++ Lite/arm-none-eabi/lib\libc.a(lib_a-impure.o)
 .text          0x40006260     0x1f0c C:\CodeSourcery\Sourcery G++ Lite/arm-none-eabi/lib\libc.a(lib_a-svfprintf.o)
                0x40006260                _svfprintf_r
 *fill*         0x4000816c        0x4 
 .text          0x40008170     0x18d8 C:\CodeSourcery\Sourcery G++ Lite/arm-none-eabi/lib\libc.a(lib_a-dtoa.o)
                0x40008350                _dtoa_r
 .text          0x40009a48       0xd0 C:\CodeSourcery\Sourcery G++ Lite/arm-none-eabi/lib\libc.a(lib_a-locale.o)
                0x40009a48                _setlocale_r
                0x40009ab8                __locale_charset
                0x40009ac4                __locale_mb_cur_max
                0x40009ad4                __locale_msgcharset
                0x40009ae0                __locale_cjk_lang
                0x40009ae8                _localeconv_r
                0x40009af4                setlocale
                0x40009b0c                localeconv
 .text          0x40009b18      0x72c C:\CodeSourcery\Sourcery G++ Lite/arm-none-eabi/lib\libc.a(lib_a-mallocr.o)
                0x40009b18                _malloc_r
 .text          0x4000a244      0x114 C:\CodeSourcery\Sourcery G++ Lite/arm-none-eabi/lib\libc.a(lib_a-memchr-stub.o)
                0x4000a244                memchr
 .text          0x4000a358       0xf0 C:\CodeSourcery\Sourcery G++ Lite/arm-none-eabi/lib\libc.a(lib_a-memcpy-stub.o)
                0x4000a358                memcpy
 .text          0x4000a448        0x8 C:\CodeSourcery\Sourcery G++ Lite/arm-none-eabi/lib\libc.a(lib_a-mlock.o)
                0x4000a448                __malloc_lock
                0x4000a44c                __malloc_unlock
 .text          0x4000a450      0xd2c C:\CodeSourcery\Sourcery G++ Lite/arm-none-eabi/lib\libc.a(lib_a-mprec.o)
                0x4000a450                _Balloc
                0x4000a4dc                _Bfree
                0x4000a4f8                __multadd
                0x4000a5d4                __s2b
                0x4000a6bc                __hi0bits
                0x4000a718                __lo0bits
                0x4000a7ac                __i2b
                0x4000a7d0                __multiply
                0x4000a9b8                __pow5mult
                0x4000aabc                __lshift
                0x4000abc8                __mcmp
                0x4000ac28                __mdiff
                0x4000ad6c                __ulp
                0x4000add0                __b2d
                0x4000aea4                __d2b
                0x4000afb0                __ratio
                0x4000b038                _mprec_log10
                0x4000b090                __copybits
                0x4000b100                __any_on
 .text          0x4000b17c       0x6c C:\CodeSourcery\Sourcery G++ Lite/arm-none-eabi/lib\libc.a(lib_a-s_fpclassify.o)
                0x4000b17c                __fpclassifyd
 .text          0x4000b1e8       0x44 C:\CodeSourcery\Sourcery G++ Lite/arm-none-eabi/lib\libc.a(lib_a-sbrkr.o)
                0x4000b1e8                _sbrk_r
 .text          0x4000b22c      0x230 C:\CodeSourcery\Sourcery G++ Lite/arm-none-eabi/lib\libc.a(lib_a-strcmp.o)
                0x4000b22c                strcmp
 .text          0x4000b45c     0x128c C:\CodeSourcery\Sourcery G++ Lite/arm-none-eabi/lib\libc.a(lib_a-svfiprintf.o)
                0x4000b45c                __ssprint_r
                0x4000b608                _svfiprintf_r
 .text          0x4000c6e8       0x9c C:\CodeSourcery\Sourcery G++ Lite/arm-none-eabi/lib\libc.a(lib_a-callocr.o)
                0x4000c6e8                _calloc_r
 .text          0x4000c784      0x36c C:\CodeSourcery\Sourcery G++ Lite/arm-none-eabi/lib\libc.a(lib_a-freer.o)
                0x4000c784                _malloc_trim_r
                0x4000c884                _free_r
 .text          0x4000caf0      0x134 C:\CodeSourcery\Sourcery G++ Lite/arm-none-eabi/lib\libc.a(lib_a-memmove.o)
                0x4000caf0                memmove
 .text          0x4000cc24       0xf4 C:\CodeSourcery\Sourcery G++ Lite/arm-none-eabi/lib\libc.a(lib_a-memset.o)
                0x4000cc24                memset
 .text          0x4000cd18      0x56c C:\CodeSourcery\Sourcery G++ Lite/arm-none-eabi/lib\libc.a(lib_a-reallocr.o)
                0x4000cd18                _realloc_r
 .text          0x4000d284      0x134 C:\CodeSourcery\Sourcery G++ Lite/arm-none-eabi/lib\libc.a(lib_a-reent.o)
                0x4000d284                cleanup_glue
                0x4000d2b0                _reclaim_reent
 .text          0x4000d3b8      0x114 C:\CodeSourcery\Sourcery G++ Lite/lib/gcc/arm-none-eabi/4.8.1\libgcc.a(_udivsi3.o)
                0x4000d3b8                __aeabi_uidiv
                0x4000d3b8                __udivsi3
                0x4000d4ac                __aeabi_uidivmod
 .text          0x4000d4cc        0x4 C:\CodeSourcery\Sourcery G++ Lite/lib/gcc/arm-none-eabi/4.8.1\libgcc.a(_dvmd_tls.o)
                0x4000d4cc                __aeabi_idiv0
                0x4000d4cc                __aeabi_ldiv0
 .text          0x4000d4d0      0x41c C:\CodeSourcery\Sourcery G++ Lite/lib/gcc/arm-none-eabi/4.8.1\libgcc.a(_arm_addsubdf3.o)
                0x4000d4d0                __aeabi_drsub
                0x4000d4d8                __aeabi_dsub
                0x4000d4d8                __subdf3
                0x4000d4dc                __aeabi_dadd
                0x4000d4dc                __adddf3
                0x4000d7ec                __floatunsidf
                0x4000d7ec                __aeabi_ui2d
                0x4000d810                __floatsidf
                0x4000d810                __aeabi_i2d
                0x4000d838                __aeabi_f2d
                0x4000d838                __extendsfdf2
                0x4000d878                __floatundidf
                0x4000d878                __aeabi_ul2d
                0x4000d88c                __floatdidf
                0x4000d88c                __aeabi_l2d
 .text          0x4000d8ec      0x49c C:\CodeSourcery\Sourcery G++ Lite/lib/gcc/arm-none-eabi/4.8.1\libgcc.a(_arm_muldivdf3.o)
                0x4000d8ec                __aeabi_dmul
                0x4000d8ec                __muldf3
                0x4000db7c                __divdf3
                0x4000db7c                __aeabi_ddiv
 .text          0x4000dd88      0x144 C:\CodeSourcery\Sourcery G++ Lite/lib/gcc/arm-none-eabi/4.8.1\libgcc.a(_arm_cmpdf2.o)
                0x4000dd88                __gtdf2
                0x4000dd88                __gedf2
                0x4000dd90                __ltdf2
                0x4000dd90                __ledf2
                0x4000dd98                __nedf2
                0x4000dd98                __eqdf2
                0x4000dd98                __cmpdf2
                0x4000de20                __aeabi_cdrcmple
                0x4000de3c                __aeabi_cdcmpeq
                0x4000de3c                __aeabi_cdcmple
                0x4000de54                __aeabi_dcmpeq
                0x4000de6c                __aeabi_dcmplt
                0x4000de84                __aeabi_dcmple
                0x4000de9c                __aeabi_dcmpge
                0x4000deb4                __aeabi_dcmpgt
 .text          0x4000decc       0x5c C:\CodeSourcery\Sourcery G++ Lite/lib/gcc/arm-none-eabi/4.8.1\libgcc.a(_arm_fixdfsi.o)
                0x4000decc                __aeabi_d2iz
                0x4000decc                __fixdfsi
 .text          0x4000df28       0x3c C:\CodeSourcery\Sourcery G++ Lite/lib/gcc/arm-none-eabi/4.8.1\libgcc.a(_aeabi_uldivmod.o)
                0x4000df28                __aeabi_uldivmod
 .text          0x4000df64       0x84 C:\CodeSourcery\Sourcery G++ Lite/lib/gcc/arm-none-eabi/4.8.1\libgcc.a(bpabi.o)
                0x4000df64                __gnu_ldivmod_helper
                0x4000dfa8                __gnu_uldivmod_helper
 .text          0x4000dfe8      0x4d0 C:\CodeSourcery\Sourcery G++ Lite/lib/gcc/arm-none-eabi/4.8.1\libgcc.a(_divdi3.o)
                0x4000dfe8                __divdi3
 .text          0x4000e4b8      0x470 C:\CodeSourcery\Sourcery G++ Lite/lib/gcc/arm-none-eabi/4.8.1\libgcc.a(_udivdi3.o)
                0x4000e4b8                __udivdi3
 .text          0x4000e928       0x48 C:\CodeSourcery\Sourcery G++ Lite/lib/gcc/arm-none-eabi/4.8.1\libgcc.a(_clzsi2.o)
                0x4000e928                __clzsi2
                0x4000e970                . = ALIGN (0x4)

.glue_7         0x4000e970        0x0
 .glue_7        0x00000000        0x0 linker stubs

.glue_7t        0x4000e970        0x0
 .glue_7t       0x00000000        0x0 linker stubs

.vfp11_veneer   0x4000e970        0x0
 .vfp11_veneer  0x00000000        0x0 linker stubs

.v4_bx          0x4000e970        0x0
 .v4_bx         0x00000000        0x0 linker stubs

.iplt           0x4000e970        0x0
 .iplt          0x00000000        0x0 Exception.o

.rodata         0x4000e970     0x896c
                0x4000e970                __RO_BASE__ = .
 *(.rodata)
 .rodata        0x4000e970     0x82b8 graphics.o
                0x4000e978                HanTable
                0x40012ed8                han16x16
                0x40015c28                eng8x16
 .rodata        0x40016c28      0x104 C:\CodeSourcery\Sourcery G++ Lite/arm-none-eabi/lib\libc.a(lib_a-ctype_.o)
                0x40016c28                _ctype_
 .rodata        0x40016d2c        0x4 C:\CodeSourcery\Sourcery G++ Lite/arm-none-eabi/lib\libc.a(lib_a-impure.o)
                0x40016d2c                _global_impure_ptr
 .rodata        0x40016d30       0x20 C:\CodeSourcery\Sourcery G++ Lite/arm-none-eabi/lib\libc.a(lib_a-svfprintf.o)
 .rodata        0x40016d50      0x128 C:\CodeSourcery\Sourcery G++ Lite/arm-none-eabi/lib\libc.a(lib_a-mprec.o)
                0x40016d60                __mprec_tens
                0x40016e28                __mprec_tinytens
                0x40016e50                __mprec_bigtens
 .rodata        0x40016e78       0x20 C:\CodeSourcery\Sourcery G++ Lite/arm-none-eabi/lib\libc.a(lib_a-svfiprintf.o)
 *(.rodata.*)
 .rodata.str1.4
                0x40016e98      0x2c4 Exception.o
 .rodata.str1.4
                0x4001715c       0x2d graphics.o
                                 0x30 (size before relaxing)
 *fill*         0x40017189        0x3 
 .rodata.str1.4
                0x4001718c       0xe6 main.o
                                 0xe8 (size before relaxing)
 *fill*         0x40017272        0x2 
 .rodata.str1.4
                0x40017274        0x4 uart.o
 .rodata.str1.4
                0x40017278        0x2 C:\CodeSourcery\Sourcery G++ Lite/arm-none-eabi/lib\libc.a(lib_a-impure.o)
                                  0x4 (size before relaxing)
 *fill*         0x4001727a        0x2 
 .rodata.str1.4
                0x4001727c       0x42 C:\CodeSourcery\Sourcery G++ Lite/arm-none-eabi/lib\libc.a(lib_a-svfprintf.o)
                                 0x44 (size before relaxing)
 *fill*         0x400172be        0x2 
 .rodata.str1.4
                0x400172c0       0x10 C:\CodeSourcery\Sourcery G++ Lite/arm-none-eabi/lib\libc.a(lib_a-dtoa.o)
                                 0x14 (size before relaxing)
 .rodata.str1.4
                0x400172d0        0xc C:\CodeSourcery\Sourcery G++ Lite/arm-none-eabi/lib\libc.a(lib_a-locale.o)
                                 0x14 (size before relaxing)
 .rodata.str1.4
                0x00000000       0x30 C:\CodeSourcery\Sourcery G++ Lite/arm-none-eabi/lib\libc.a(lib_a-svfiprintf.o)
                0x400172dc                . = ALIGN (0x4)
                0x400172dc                __RO_LIMIT__ = .

.ARM.extab      0x400172dc        0x0
 .ARM.extab     0x400172dc        0x0 C:\CodeSourcery\Sourcery G++ Lite/lib/gcc/arm-none-eabi/4.8.1\libgcc.a(_divdi3.o)
 .ARM.extab     0x400172dc        0x0 C:\CodeSourcery\Sourcery G++ Lite/lib/gcc/arm-none-eabi/4.8.1\libgcc.a(_udivdi3.o)

.ARM.exidx      0x400172dc        0x8
 .ARM.exidx     0x400172dc        0x8 C:\CodeSourcery\Sourcery G++ Lite/lib/gcc/arm-none-eabi/4.8.1\libgcc.a(_divdi3.o)
 .ARM.exidx     0x400172e4        0x0 C:\CodeSourcery\Sourcery G++ Lite/lib/gcc/arm-none-eabi/4.8.1\libgcc.a(_udivdi3.o)
                                  0x8 (size before relaxing)

.rel.dyn        0x400172e4        0x0
 .rel.iplt      0x00000000        0x0 Exception.o

.data           0x400172e8      0xbbc
                0x400172e8                __RW_BASE__ = .
 *(.data)
 .data          0x400172e8      0x1e0 Exception.o
                0x400172e8                ISR_Vector
 .data          0x400174c8        0x0 cp15.o
 .data          0x400174c8       0xb0 gic.o
                0x400174c8                ICCICR
                0x400174d8                ICCPMR
                0x400174e8                ICDISER0
                0x400174f8                ICDISERn
                0x40017508                ICDICER0
                0x40017518                ICDICERn
                0x40017528                ICDIPR0
                0x40017538                ICDIPTR0
                0x40017548                ICDICPR0
                0x40017558                ICCIAR
                0x40017568                ICCEOIR
 .data          0x40017578       0x28 graphics.o
                0x40017578                ArrFbSel
 .data          0x400175a0        0x0 key.o
 .data          0x400175a0        0x0 led.o
 .data          0x400175a0       0x40 main.o
                0x400175a0                info_app_0
                0x400175b0                info_stack_app_0
                0x400175c0                info_app_1
                0x400175d0                info_stack_app_1
 .data          0x400175e0        0x0 pcb_list.o
 .data          0x400175e0        0x0 runtime.o
 .data          0x400175e0        0x0 sdhc.o
 .data          0x400175e0        0x0 timer.o
 .data          0x400175e0        0x0 uart.o
 .data          0x400175e0        0x0 asm_function.o
 .data          0x400175e0        0x0 cp15a.o
 .data          0x400175e0        0x0 crt0.o
 .data          0x400175e0        0x0 switch_app.o
 .data          0x400175e0        0x0 C:\CodeSourcery\Sourcery G++ Lite/arm-none-eabi/lib\libc.a(lib_a-atoi.o)
 .data          0x400175e0        0x4 C:\CodeSourcery\Sourcery G++ Lite/arm-none-eabi/lib\libc.a(lib_a-ctype_.o)
                0x400175e0                __ctype_ptr__
 .data          0x400175e4        0x0 C:\CodeSourcery\Sourcery G++ Lite/arm-none-eabi/lib\libc.a(lib_a-strlen.o)
 .data          0x400175e4        0x0 C:\CodeSourcery\Sourcery G++ Lite/arm-none-eabi/lib\libc.a(lib_a-strtol.o)
 .data          0x400175e4        0x0 C:\CodeSourcery\Sourcery G++ Lite/arm-none-eabi/lib\libc.a(lib_a-vsprintf.o)
 *fill*         0x400175e4        0x4 
 .data          0x400175e8      0x430 C:\CodeSourcery\Sourcery G++ Lite/arm-none-eabi/lib\libc.a(lib_a-impure.o)
                0x400175e8                _impure_ptr
 .data          0x40017a18        0x0 C:\CodeSourcery\Sourcery G++ Lite/arm-none-eabi/lib\libc.a(lib_a-svfprintf.o)
 .data          0x40017a18        0x0 C:\CodeSourcery\Sourcery G++ Lite/arm-none-eabi/lib\libc.a(lib_a-dtoa.o)
 .data          0x40017a18       0x7c C:\CodeSourcery\Sourcery G++ Lite/arm-none-eabi/lib\libc.a(lib_a-locale.o)
                0x40017a38                __mb_cur_max
 .data          0x40017a94      0x410 C:\CodeSourcery\Sourcery G++ Lite/arm-none-eabi/lib\libc.a(lib_a-mallocr.o)
                0x40017a94                __malloc_av_
                0x40017e9c                __malloc_sbrk_base
                0x40017ea0                __malloc_trim_threshold
 .data          0x40017ea4        0x0 C:\CodeSourcery\Sourcery G++ Lite/arm-none-eabi/lib\libc.a(lib_a-memchr-stub.o)
 .data          0x40017ea4        0x0 C:\CodeSourcery\Sourcery G++ Lite/arm-none-eabi/lib\libc.a(lib_a-memcpy-stub.o)
 .data          0x40017ea4        0x0 C:\CodeSourcery\Sourcery G++ Lite/arm-none-eabi/lib\libc.a(lib_a-mlock.o)
 .data          0x40017ea4        0x0 C:\CodeSourcery\Sourcery G++ Lite/arm-none-eabi/lib\libc.a(lib_a-mprec.o)
 .data          0x40017ea4        0x0 C:\CodeSourcery\Sourcery G++ Lite/arm-none-eabi/lib\libc.a(lib_a-s_fpclassify.o)
 .data          0x40017ea4        0x0 C:\CodeSourcery\Sourcery G++ Lite/arm-none-eabi/lib\libc.a(lib_a-sbrkr.o)
 .data          0x40017ea4        0x0 C:\CodeSourcery\Sourcery G++ Lite/arm-none-eabi/lib\libc.a(lib_a-strcmp.o)
 .data          0x40017ea4        0x0 C:\CodeSourcery\Sourcery G++ Lite/arm-none-eabi/lib\libc.a(lib_a-svfiprintf.o)
 .data          0x40017ea4        0x0 C:\CodeSourcery\Sourcery G++ Lite/arm-none-eabi/lib\libc.a(lib_a-callocr.o)
 .data          0x40017ea4        0x0 C:\CodeSourcery\Sourcery G++ Lite/arm-none-eabi/lib\libc.a(lib_a-freer.o)
 .data          0x40017ea4        0x0 C:\CodeSourcery\Sourcery G++ Lite/arm-none-eabi/lib\libc.a(lib_a-memmove.o)
 .data          0x40017ea4        0x0 C:\CodeSourcery\Sourcery G++ Lite/arm-none-eabi/lib\libc.a(lib_a-memset.o)
 .data          0x40017ea4        0x0 C:\CodeSourcery\Sourcery G++ Lite/arm-none-eabi/lib\libc.a(lib_a-reallocr.o)
 .data          0x40017ea4        0x0 C:\CodeSourcery\Sourcery G++ Lite/arm-none-eabi/lib\libc.a(lib_a-reent.o)
 .data          0x40017ea4        0x0 C:\CodeSourcery\Sourcery G++ Lite/lib/gcc/arm-none-eabi/4.8.1\libgcc.a(_udivsi3.o)
 .data          0x40017ea4        0x0 C:\CodeSourcery\Sourcery G++ Lite/lib/gcc/arm-none-eabi/4.8.1\libgcc.a(_dvmd_tls.o)
 .data          0x40017ea4        0x0 C:\CodeSourcery\Sourcery G++ Lite/lib/gcc/arm-none-eabi/4.8.1\libgcc.a(_arm_addsubdf3.o)
 .data          0x40017ea4        0x0 C:\CodeSourcery\Sourcery G++ Lite/lib/gcc/arm-none-eabi/4.8.1\libgcc.a(_arm_muldivdf3.o)
 .data          0x40017ea4        0x0 C:\CodeSourcery\Sourcery G++ Lite/lib/gcc/arm-none-eabi/4.8.1\libgcc.a(_arm_cmpdf2.o)
 .data          0x40017ea4        0x0 C:\CodeSourcery\Sourcery G++ Lite/lib/gcc/arm-none-eabi/4.8.1\libgcc.a(_arm_fixdfsi.o)
 .data          0x40017ea4        0x0 C:\CodeSourcery\Sourcery G++ Lite/lib/gcc/arm-none-eabi/4.8.1\libgcc.a(_aeabi_uldivmod.o)
 .data          0x40017ea4        0x0 C:\CodeSourcery\Sourcery G++ Lite/lib/gcc/arm-none-eabi/4.8.1\libgcc.a(bpabi.o)
 .data          0x40017ea4        0x0 C:\CodeSourcery\Sourcery G++ Lite/lib/gcc/arm-none-eabi/4.8.1\libgcc.a(_divdi3.o)
 .data          0x40017ea4        0x0 C:\CodeSourcery\Sourcery G++ Lite/lib/gcc/arm-none-eabi/4.8.1\libgcc.a(_udivdi3.o)
 .data          0x40017ea4        0x0 C:\CodeSourcery\Sourcery G++ Lite/lib/gcc/arm-none-eabi/4.8.1\libgcc.a(_clzsi2.o)
 *(.data.*)
                0x40017ea4                . = ALIGN (0x4)
                0x40017ea4                __RW_LIMIT__ = .

.igot.plt       0x40017ea4        0x0
 .igot.plt      0x00000000        0x0 Exception.o

.bss            0x40017ea8      0x1ec
                0x40017ea8                __ZI_BASE__ = .
 *(.bss)
 .bss           0x40017ea8       0x18 Exception.o
                0x40017ea8                sd_insert_flag
                0x40017eac                sd_rd_buffer_flag
                0x40017eb0                sd_wr_buffer_flag
                0x40017eb4                sd_tr_flag
                0x40017eb8                sd_command_complete_flag
 .bss           0x40017ec0        0x0 cp15.o
 .bss           0x40017ec0        0x0 gic.o
 .bss           0x40017ec0       0xb8 graphics.o
                0x40017ec0                pLcdFb
                0x40017ec4                ArrWinInfo
                0x40017f64                Selected_win
                0x40017f68                Selected_frame
                0x40017f70                Display_frame
 .bss           0x40017f78        0x0 key.o
 .bss           0x40017f78        0x0 led.o
 .bss           0x40017f78        0x0 main.o
 .bss           0x40017f78       0xd0 pcb_list.o
                0x40017f78                pcb_list
                0x40018000                current_pcb
 .bss           0x40018048        0x4 runtime.o
 .bss           0x4001804c        0x2 sdhc.o
                0x4001804c                sd_rca
 .bss           0x4001804e        0x0 timer.o
 .bss           0x4001804e        0x0 uart.o
 .bss           0x4001804e        0x0 asm_function.o
 .bss           0x4001804e        0x0 cp15a.o
 .bss           0x4001804e        0x0 crt0.o
 .bss           0x4001804e        0x0 switch_app.o
 .bss           0x4001804e        0x0 C:\CodeSourcery\Sourcery G++ Lite/arm-none-eabi/lib\libc.a(lib_a-atoi.o)
 .bss           0x4001804e        0x0 C:\CodeSourcery\Sourcery G++ Lite/arm-none-eabi/lib\libc.a(lib_a-ctype_.o)
 .bss           0x4001804e        0x0 C:\CodeSourcery\Sourcery G++ Lite/arm-none-eabi/lib\libc.a(lib_a-strlen.o)
 .bss           0x4001804e        0x0 C:\CodeSourcery\Sourcery G++ Lite/arm-none-eabi/lib\libc.a(lib_a-strtol.o)
 .bss           0x4001804e        0x0 C:\CodeSourcery\Sourcery G++ Lite/arm-none-eabi/lib\libc.a(lib_a-vsprintf.o)
 .bss           0x4001804e        0x0 C:\CodeSourcery\Sourcery G++ Lite/arm-none-eabi/lib\libc.a(lib_a-impure.o)
 .bss           0x4001804e        0x0 C:\CodeSourcery\Sourcery G++ Lite/arm-none-eabi/lib\libc.a(lib_a-svfprintf.o)
 .bss           0x4001804e        0x0 C:\CodeSourcery\Sourcery G++ Lite/arm-none-eabi/lib\libc.a(lib_a-dtoa.o)
 *fill*         0x4001804e        0x2 
 .bss           0x40018050        0xc C:\CodeSourcery\Sourcery G++ Lite/arm-none-eabi/lib\libc.a(lib_a-locale.o)
                0x40018050                _PathLocale
                0x40018054                __mlocale_changed
                0x40018058                __nlocale_changed
 .bss           0x4001805c       0x34 C:\CodeSourcery\Sourcery G++ Lite/arm-none-eabi/lib\libc.a(lib_a-mallocr.o)
                0x4001805c                __malloc_top_pad
                0x40018060                __malloc_current_mallinfo
                0x40018088                __malloc_max_sbrked_mem
                0x4001808c                __malloc_max_total_mem
 .bss           0x40018090        0x0 C:\CodeSourcery\Sourcery G++ Lite/arm-none-eabi/lib\libc.a(lib_a-memchr-stub.o)
 .bss           0x40018090        0x0 C:\CodeSourcery\Sourcery G++ Lite/arm-none-eabi/lib\libc.a(lib_a-memcpy-stub.o)
 .bss           0x40018090        0x0 C:\CodeSourcery\Sourcery G++ Lite/arm-none-eabi/lib\libc.a(lib_a-mlock.o)
 .bss           0x40018090        0x0 C:\CodeSourcery\Sourcery G++ Lite/arm-none-eabi/lib\libc.a(lib_a-mprec.o)
 .bss           0x40018090        0x0 C:\CodeSourcery\Sourcery G++ Lite/arm-none-eabi/lib\libc.a(lib_a-s_fpclassify.o)
 .bss           0x40018090        0x0 C:\CodeSourcery\Sourcery G++ Lite/arm-none-eabi/lib\libc.a(lib_a-sbrkr.o)
 .bss           0x40018090        0x0 C:\CodeSourcery\Sourcery G++ Lite/arm-none-eabi/lib\libc.a(lib_a-strcmp.o)
 .bss           0x40018090        0x0 C:\CodeSourcery\Sourcery G++ Lite/arm-none-eabi/lib\libc.a(lib_a-svfiprintf.o)
 .bss           0x40018090        0x0 C:\CodeSourcery\Sourcery G++ Lite/arm-none-eabi/lib\libc.a(lib_a-callocr.o)
 .bss           0x40018090        0x0 C:\CodeSourcery\Sourcery G++ Lite/arm-none-eabi/lib\libc.a(lib_a-freer.o)
 .bss           0x40018090        0x0 C:\CodeSourcery\Sourcery G++ Lite/arm-none-eabi/lib\libc.a(lib_a-memmove.o)
 .bss           0x40018090        0x0 C:\CodeSourcery\Sourcery G++ Lite/arm-none-eabi/lib\libc.a(lib_a-memset.o)
 .bss           0x40018090        0x0 C:\CodeSourcery\Sourcery G++ Lite/arm-none-eabi/lib\libc.a(lib_a-reallocr.o)
 .bss           0x40018090        0x0 C:\CodeSourcery\Sourcery G++ Lite/arm-none-eabi/lib\libc.a(lib_a-reent.o)
 .bss           0x40018090        0x0 C:\CodeSourcery\Sourcery G++ Lite/lib/gcc/arm-none-eabi/4.8.1\libgcc.a(_udivsi3.o)
 .bss           0x40018090        0x0 C:\CodeSourcery\Sourcery G++ Lite/lib/gcc/arm-none-eabi/4.8.1\libgcc.a(_dvmd_tls.o)
 .bss           0x40018090        0x0 C:\CodeSourcery\Sourcery G++ Lite/lib/gcc/arm-none-eabi/4.8.1\libgcc.a(_arm_addsubdf3.o)
 .bss           0x40018090        0x0 C:\CodeSourcery\Sourcery G++ Lite/lib/gcc/arm-none-eabi/4.8.1\libgcc.a(_arm_muldivdf3.o)
 .bss           0x40018090        0x0 C:\CodeSourcery\Sourcery G++ Lite/lib/gcc/arm-none-eabi/4.8.1\libgcc.a(_arm_cmpdf2.o)
 .bss           0x40018090        0x0 C:\CodeSourcery\Sourcery G++ Lite/lib/gcc/arm-none-eabi/4.8.1\libgcc.a(_arm_fixdfsi.o)
 .bss           0x40018090        0x0 C:\CodeSourcery\Sourcery G++ Lite/lib/gcc/arm-none-eabi/4.8.1\libgcc.a(_aeabi_uldivmod.o)
 .bss           0x40018090        0x0 C:\CodeSourcery\Sourcery G++ Lite/lib/gcc/arm-none-eabi/4.8.1\libgcc.a(bpabi.o)
 .bss           0x40018090        0x0 C:\CodeSourcery\Sourcery G++ Lite/lib/gcc/arm-none-eabi/4.8.1\libgcc.a(_divdi3.o)
 .bss           0x40018090        0x0 C:\CodeSourcery\Sourcery G++ Lite/lib/gcc/arm-none-eabi/4.8.1\libgcc.a(_udivdi3.o)
 .bss           0x40018090        0x0 C:\CodeSourcery\Sourcery G++ Lite/lib/gcc/arm-none-eabi/4.8.1\libgcc.a(_clzsi2.o)
 *(.bss.*)
                0x40018090                . = ALIGN (0x4)
                0x40018090                __ZI_LIMIT__ = .
 COMMON         0x40018090        0x4 C:\CodeSourcery\Sourcery G++ Lite/arm-none-eabi/lib\libc.a(lib_a-reent.o)
                0x40018090                errno
OUTPUT(dram_0x40000000.elf elf32-littlearm)

.debug_info     0x00000000     0x567a
 .debug_info    0x00000000      0x869 Exception.o
 .debug_info    0x00000869     0x1625 cp15.o
 .debug_info    0x00001e8e      0x390 gic.o
 .debug_info    0x0000221e     0x163b graphics.o
 .debug_info    0x00003859      0x244 key.o
 .debug_info    0x00003a9d       0xd7 led.o
 .debug_info    0x00003b74      0x966 main.o
 .debug_info    0x000044da       0xb9 pcb_list.o
 .debug_info    0x00004593      0x172 runtime.o
 .debug_info    0x00004705      0x693 sdhc.o
 .debug_info    0x00004d98      0x19c timer.o
 .debug_info    0x00004f34      0x5e1 uart.o
 .debug_info    0x00005515       0x7c asm_function.o
 .debug_info    0x00005591       0x75 cp15a.o
 .debug_info    0x00005606       0x74 crt0.o

.debug_abbrev   0x00000000     0x138a
 .debug_abbrev  0x00000000      0x16f Exception.o
 .debug_abbrev  0x0000016f      0x2ed cp15.o
 .debug_abbrev  0x0000045c       0xc0 gic.o
 .debug_abbrev  0x0000051c      0x370 graphics.o
 .debug_abbrev  0x0000088c      0x112 key.o
 .debug_abbrev  0x0000099e       0x95 led.o
 .debug_abbrev  0x00000a33      0x1b5 main.o
 .debug_abbrev  0x00000be8       0x6b pcb_list.o
 .debug_abbrev  0x00000c53       0xf3 runtime.o
 .debug_abbrev  0x00000d46      0x279 sdhc.o
 .debug_abbrev  0x00000fbf       0xc4 timer.o
 .debug_abbrev  0x00001083      0x2cb uart.o
 .debug_abbrev  0x0000134e       0x14 asm_function.o
 .debug_abbrev  0x00001362       0x14 cp15a.o
 .debug_abbrev  0x00001376       0x14 crt0.o

.debug_loc      0x00000000     0x545b
 .debug_loc     0x00000000      0x2c8 Exception.o
 .debug_loc     0x000002c8     0x1c97 cp15.o
 .debug_loc     0x00001f5f      0x2fc gic.o
 .debug_loc     0x0000225b     0x2911 graphics.o
 .debug_loc     0x00004b6c       0x5b key.o
 .debug_loc     0x00004bc7       0x21 led.o
 .debug_loc     0x00004be8      0x211 main.o
 .debug_loc     0x00004df9       0x41 runtime.o
 .debug_loc     0x00004e3a      0x1cc sdhc.o
 .debug_loc     0x00005006       0x95 timer.o
 .debug_loc     0x0000509b      0x3c0 uart.o

.debug_aranges  0x00000000      0x1e0
 .debug_aranges
                0x00000000       0x20 Exception.o
 .debug_aranges
                0x00000020       0x20 cp15.o
 .debug_aranges
                0x00000040       0x20 gic.o
 .debug_aranges
                0x00000060       0x20 graphics.o
 .debug_aranges
                0x00000080       0x20 key.o
 .debug_aranges
                0x000000a0       0x20 led.o
 .debug_aranges
                0x000000c0       0x20 main.o
 .debug_aranges
                0x000000e0       0x20 pcb_list.o
 .debug_aranges
                0x00000100       0x20 runtime.o
 .debug_aranges
                0x00000120       0x20 sdhc.o
 .debug_aranges
                0x00000140       0x20 timer.o
 .debug_aranges
                0x00000160       0x20 uart.o
 .debug_aranges
                0x00000180       0x20 asm_function.o
 .debug_aranges
                0x000001a0       0x20 cp15a.o
 .debug_aranges
                0x000001c0       0x20 crt0.o

.debug_line     0x00000000     0x17ba
 .debug_line    0x00000000      0x15a Exception.o
 .debug_line    0x0000015a      0x289 cp15.o
 .debug_line    0x000003e3       0x75 gic.o
 .debug_line    0x00000458      0x75b graphics.o
 .debug_line    0x00000bb3       0x7d key.o
 .debug_line    0x00000c30       0x37 led.o
 .debug_line    0x00000c67      0x161 main.o
 .debug_line    0x00000dc8       0x3c pcb_list.o
 .debug_line    0x00000e04       0xa1 runtime.o
 .debug_line    0x00000ea5      0x332 sdhc.o
 .debug_line    0x000011d7       0x7e timer.o
 .debug_line    0x00001255      0x288 uart.o
 .debug_line    0x000014dd       0xa0 asm_function.o
 .debug_line    0x0000157d      0x18b cp15a.o
 .debug_line    0x00001708       0xb2 crt0.o

.debug_str      0x00000000      0xefa
 .debug_str     0x00000000      0x332 Exception.o
                                0x375 (size before relaxing)
 .debug_str     0x00000332      0x357 cp15.o
                                0x472 (size before relaxing)
 .debug_str     0x00000689      0x157 gic.o
                                0x312 (size before relaxing)
 .debug_str     0x000007e0      0x2fa graphics.o
                                0x4bc (size before relaxing)
 .debug_str     0x00000ada       0x6f key.o
                                0x25d (size before relaxing)
 .debug_str     0x00000b49        0xf led.o
                                0x1aa (size before relaxing)
 .debug_str     0x00000b58       0xed main.o
                                0x436 (size before relaxing)
 .debug_str     0x00000c45       0x34 pcb_list.o
                                0x16a (size before relaxing)
 .debug_str     0x00000c79       0x78 runtime.o
                                0x20d (size before relaxing)
 .debug_str     0x00000cf1      0x11b sdhc.o
                                0x387 (size before relaxing)
 .debug_str     0x00000e0c       0x2c timer.o
                                0x21a (size before relaxing)
 .debug_str     0x00000e38       0xc2 uart.o
                                0x331 (size before relaxing)

.comment        0x00000000       0x30
 .comment       0x00000000       0x30 Exception.o
                                 0x31 (size before relaxing)
 .comment       0x00000000       0x31 cp15.o
 .comment       0x00000000       0x31 gic.o
 .comment       0x00000000       0x31 graphics.o
 .comment       0x00000000       0x31 key.o
 .comment       0x00000000       0x31 led.o
 .comment       0x00000000       0x31 main.o
 .comment       0x00000000       0x31 pcb_list.o
 .comment       0x00000000       0x31 runtime.o
 .comment       0x00000000       0x31 sdhc.o
 .comment       0x00000000       0x31 timer.o
 .comment       0x00000000       0x31 uart.o

.ARM.attributes
                0x00000000       0x3d
 .ARM.attributes
                0x00000000       0x3f Exception.o
 .ARM.attributes
                0x0000003f       0x3f cp15.o
 .ARM.attributes
                0x0000007e       0x3f gic.o
 .ARM.attributes
                0x000000bd       0x3f graphics.o
 .ARM.attributes
                0x000000fc       0x3f key.o
 .ARM.attributes
                0x0000013b       0x3f led.o
 .ARM.attributes
                0x0000017a       0x3f main.o
 .ARM.attributes
                0x000001b9       0x3f pcb_list.o
 .ARM.attributes
                0x000001f8       0x3f runtime.o
 .ARM.attributes
                0x00000237       0x3f sdhc.o
 .ARM.attributes
                0x00000276       0x3f timer.o
 .ARM.attributes
                0x000002b5       0x3f uart.o
 .ARM.attributes
                0x000002f4       0x2b asm_function.o
 .ARM.attributes
                0x0000031f       0x2b cp15a.o
 .ARM.attributes
                0x0000034a       0x2b crt0.o
 .ARM.attributes
                0x00000375       0x2b switch_app.o
 .ARM.attributes
                0x000003a0       0x30 C:\CodeSourcery\Sourcery G++ Lite/arm-none-eabi/lib\libc.a(lib_a-atoi.o)
 .ARM.attributes
                0x000003d0       0x30 C:\CodeSourcery\Sourcery G++ Lite/arm-none-eabi/lib\libc.a(lib_a-ctype_.o)
 .ARM.attributes
                0x00000400       0x30 C:\CodeSourcery\Sourcery G++ Lite/arm-none-eabi/lib\libc.a(lib_a-strlen.o)
 .ARM.attributes
                0x00000430       0x30 C:\CodeSourcery\Sourcery G++ Lite/arm-none-eabi/lib\libc.a(lib_a-strtol.o)
 .ARM.attributes
                0x00000460       0x30 C:\CodeSourcery\Sourcery G++ Lite/arm-none-eabi/lib\libc.a(lib_a-vsprintf.o)
 .ARM.attributes
                0x00000490       0x30 C:\CodeSourcery\Sourcery G++ Lite/arm-none-eabi/lib\libc.a(lib_a-impure.o)
 .ARM.attributes
                0x000004c0       0x30 C:\CodeSourcery\Sourcery G++ Lite/arm-none-eabi/lib\libc.a(lib_a-svfprintf.o)
 .ARM.attributes
                0x000004f0       0x30 C:\CodeSourcery\Sourcery G++ Lite/arm-none-eabi/lib\libc.a(lib_a-dtoa.o)
 .ARM.attributes
                0x00000520       0x30 C:\CodeSourcery\Sourcery G++ Lite/arm-none-eabi/lib\libc.a(lib_a-locale.o)
 .ARM.attributes
                0x00000550       0x30 C:\CodeSourcery\Sourcery G++ Lite/arm-none-eabi/lib\libc.a(lib_a-mallocr.o)
 .ARM.attributes
                0x00000580       0x30 C:\CodeSourcery\Sourcery G++ Lite/arm-none-eabi/lib\libc.a(lib_a-memchr-stub.o)
 .ARM.attributes
                0x000005b0       0x30 C:\CodeSourcery\Sourcery G++ Lite/arm-none-eabi/lib\libc.a(lib_a-memcpy-stub.o)
 .ARM.attributes
                0x000005e0       0x30 C:\CodeSourcery\Sourcery G++ Lite/arm-none-eabi/lib\libc.a(lib_a-mlock.o)
 .ARM.attributes
                0x00000610       0x30 C:\CodeSourcery\Sourcery G++ Lite/arm-none-eabi/lib\libc.a(lib_a-mprec.o)
 .ARM.attributes
                0x00000640       0x30 C:\CodeSourcery\Sourcery G++ Lite/arm-none-eabi/lib\libc.a(lib_a-s_fpclassify.o)
 .ARM.attributes
                0x00000670       0x30 C:\CodeSourcery\Sourcery G++ Lite/arm-none-eabi/lib\libc.a(lib_a-sbrkr.o)
 .ARM.attributes
                0x000006a0       0x16 C:\CodeSourcery\Sourcery G++ Lite/arm-none-eabi/lib\libc.a(lib_a-strcmp.o)
 .ARM.attributes
                0x000006b6       0x30 C:\CodeSourcery\Sourcery G++ Lite/arm-none-eabi/lib\libc.a(lib_a-svfiprintf.o)
 .ARM.attributes
                0x000006e6       0x30 C:\CodeSourcery\Sourcery G++ Lite/arm-none-eabi/lib\libc.a(lib_a-callocr.o)
 .ARM.attributes
                0x00000716       0x30 C:\CodeSourcery\Sourcery G++ Lite/arm-none-eabi/lib\libc.a(lib_a-freer.o)
 .ARM.attributes
                0x00000746       0x30 C:\CodeSourcery\Sourcery G++ Lite/arm-none-eabi/lib\libc.a(lib_a-memmove.o)
 .ARM.attributes
                0x00000776       0x30 C:\CodeSourcery\Sourcery G++ Lite/arm-none-eabi/lib\libc.a(lib_a-memset.o)
 .ARM.attributes
                0x000007a6       0x30 C:\CodeSourcery\Sourcery G++ Lite/arm-none-eabi/lib\libc.a(lib_a-reallocr.o)
 .ARM.attributes
                0x000007d6       0x30 C:\CodeSourcery\Sourcery G++ Lite/arm-none-eabi/lib\libc.a(lib_a-reent.o)
 .ARM.attributes
                0x00000806       0x18 C:\CodeSourcery\Sourcery G++ Lite/lib/gcc/arm-none-eabi/4.8.1\libgcc.a(_udivsi3.o)
 .ARM.attributes
                0x0000081e       0x18 C:\CodeSourcery\Sourcery G++ Lite/lib/gcc/arm-none-eabi/4.8.1\libgcc.a(_dvmd_tls.o)
 .ARM.attributes
                0x00000836       0x18 C:\CodeSourcery\Sourcery G++ Lite/lib/gcc/arm-none-eabi/4.8.1\libgcc.a(_arm_addsubdf3.o)
 .ARM.attributes
                0x0000084e       0x18 C:\CodeSourcery\Sourcery G++ Lite/lib/gcc/arm-none-eabi/4.8.1\libgcc.a(_arm_muldivdf3.o)
 .ARM.attributes
                0x00000866       0x18 C:\CodeSourcery\Sourcery G++ Lite/lib/gcc/arm-none-eabi/4.8.1\libgcc.a(_arm_cmpdf2.o)
 .ARM.attributes
                0x0000087e       0x18 C:\CodeSourcery\Sourcery G++ Lite/lib/gcc/arm-none-eabi/4.8.1\libgcc.a(_arm_fixdfsi.o)
 .ARM.attributes
                0x00000896       0x18 C:\CodeSourcery\Sourcery G++ Lite/lib/gcc/arm-none-eabi/4.8.1\libgcc.a(_aeabi_uldivmod.o)
 .ARM.attributes
                0x000008ae       0x30 C:\CodeSourcery\Sourcery G++ Lite/lib/gcc/arm-none-eabi/4.8.1\libgcc.a(bpabi.o)
 .ARM.attributes
                0x000008de       0x30 C:\CodeSourcery\Sourcery G++ Lite/lib/gcc/arm-none-eabi/4.8.1\libgcc.a(_divdi3.o)
 .ARM.attributes
                0x0000090e       0x30 C:\CodeSourcery\Sourcery G++ Lite/lib/gcc/arm-none-eabi/4.8.1\libgcc.a(_udivdi3.o)
 .ARM.attributes
                0x0000093e       0x18 C:\CodeSourcery\Sourcery G++ Lite/lib/gcc/arm-none-eabi/4.8.1\libgcc.a(_clzsi2.o)

.debug_frame    0x00000000     0x1484
 .debug_frame   0x00000000      0x180 Exception.o
 .debug_frame   0x00000180      0x278 cp15.o
 .debug_frame   0x000003f8       0xd0 gic.o
 .debug_frame   0x000004c8      0x2cc graphics.o
 .debug_frame   0x00000794       0x84 key.o
 .debug_frame   0x00000818       0x30 led.o
 .debug_frame   0x00000848       0xd4 main.o
 .debug_frame   0x0000091c       0x20 pcb_list.o
 .debug_frame   0x0000093c       0x74 runtime.o
 .debug_frame   0x000009b0      0x178 sdhc.o
 .debug_frame   0x00000b28       0x40 timer.o
 .debug_frame   0x00000b68      0x114 uart.o
 .debug_frame   0x00000c7c       0x40 C:\CodeSourcery\Sourcery G++ Lite/arm-none-eabi/lib\libc.a(lib_a-atoi.o)
 .debug_frame   0x00000cbc       0x20 C:\CodeSourcery\Sourcery G++ Lite/arm-none-eabi/lib\libc.a(lib_a-strlen.o)
 .debug_frame   0x00000cdc       0x50 C:\CodeSourcery\Sourcery G++ Lite/arm-none-eabi/lib\libc.a(lib_a-strtol.o)
 .debug_frame   0x00000d2c       0x44 C:\CodeSourcery\Sourcery G++ Lite/arm-none-eabi/lib\libc.a(lib_a-vsprintf.o)
 .debug_frame   0x00000d70       0x3c C:\CodeSourcery\Sourcery G++ Lite/arm-none-eabi/lib\libc.a(lib_a-svfprintf.o)
 .debug_frame   0x00000dac       0x64 C:\CodeSourcery\Sourcery G++ Lite/arm-none-eabi/lib\libc.a(lib_a-dtoa.o)
 .debug_frame   0x00000e10       0x98 C:\CodeSourcery\Sourcery G++ Lite/arm-none-eabi/lib\libc.a(lib_a-locale.o)
 .debug_frame   0x00000ea8       0x38 C:\CodeSourcery\Sourcery G++ Lite/arm-none-eabi/lib\libc.a(lib_a-mallocr.o)
 .debug_frame   0x00000ee0       0x2c C:\CodeSourcery\Sourcery G++ Lite/arm-none-eabi/lib\libc.a(lib_a-memchr-stub.o)
 .debug_frame   0x00000f0c       0x2c C:\CodeSourcery\Sourcery G++ Lite/arm-none-eabi/lib\libc.a(lib_a-memcpy-stub.o)
 .debug_frame   0x00000f38       0x30 C:\CodeSourcery\Sourcery G++ Lite/arm-none-eabi/lib\libc.a(lib_a-mlock.o)
 .debug_frame   0x00000f68      0x20c C:\CodeSourcery\Sourcery G++ Lite/arm-none-eabi/lib\libc.a(lib_a-mprec.o)
 .debug_frame   0x00001174       0x20 C:\CodeSourcery\Sourcery G++ Lite/arm-none-eabi/lib\libc.a(lib_a-s_fpclassify.o)
 .debug_frame   0x00001194       0x2c C:\CodeSourcery\Sourcery G++ Lite/arm-none-eabi/lib\libc.a(lib_a-sbrkr.o)
 .debug_frame   0x000011c0       0x64 C:\CodeSourcery\Sourcery G++ Lite/arm-none-eabi/lib\libc.a(lib_a-svfiprintf.o)
 .debug_frame   0x00001224       0x28 C:\CodeSourcery\Sourcery G++ Lite/arm-none-eabi/lib\libc.a(lib_a-callocr.o)
 .debug_frame   0x0000124c       0x50 C:\CodeSourcery\Sourcery G++ Lite/arm-none-eabi/lib\libc.a(lib_a-freer.o)
 .debug_frame   0x0000129c       0x2c C:\CodeSourcery\Sourcery G++ Lite/arm-none-eabi/lib\libc.a(lib_a-memmove.o)
 .debug_frame   0x000012c8       0x2c C:\CodeSourcery\Sourcery G++ Lite/arm-none-eabi/lib\libc.a(lib_a-memset.o)
 .debug_frame   0x000012f4       0x38 C:\CodeSourcery\Sourcery G++ Lite/arm-none-eabi/lib\libc.a(lib_a-reallocr.o)
 .debug_frame   0x0000132c       0x48 C:\CodeSourcery\Sourcery G++ Lite/arm-none-eabi/lib\libc.a(lib_a-reent.o)
 .debug_frame   0x00001374       0x20 C:\CodeSourcery\Sourcery G++ Lite/lib/gcc/arm-none-eabi/4.8.1\libgcc.a(_udivsi3.o)
 .debug_frame   0x00001394       0x28 C:\CodeSourcery\Sourcery G++ Lite/lib/gcc/arm-none-eabi/4.8.1\libgcc.a(_aeabi_uldivmod.o)
 .debug_frame   0x000013bc       0x58 C:\CodeSourcery\Sourcery G++ Lite/lib/gcc/arm-none-eabi/4.8.1\libgcc.a(bpabi.o)
 .debug_frame   0x00001414       0x38 C:\CodeSourcery\Sourcery G++ Lite/lib/gcc/arm-none-eabi/4.8.1\libgcc.a(_divdi3.o)
 .debug_frame   0x0000144c       0x38 C:\CodeSourcery\Sourcery G++ Lite/lib/gcc/arm-none-eabi/4.8.1\libgcc.a(_udivdi3.o)

.debug_ranges   0x00000000      0xdc0
 .debug_ranges  0x00000000      0x758 cp15.o
 .debug_ranges  0x00000758      0x3b8 graphics.o
 .debug_ranges  0x00000b10      0x1d0 sdhc.o
 .debug_ranges  0x00000ce0       0xe0 uart.o

Cross Reference Table

Symbol                                            File
App_Read                                          main.o
ArrFbSel                                          graphics.o
ArrWinInfo                                        graphics.o
                                                  main.o
CoCleanAndInvalidateDCacheIndex                   cp15a.o
                                                  cp15.o
CoCleanAndInvalidateDCacheVA                      cp15a.o
CoCleanDCacheIndex                                cp15a.o
CoCleanDCacheVA                                   cp15a.o
CoClrIF                                           cp15a.o
CoCopyFromL2Cache                                 cp15a.o
CoCopyToL2Cache                                   cp15a.o
CoDataSyncBarrier                                 cp15a.o
CoDisableAlignFault                               cp15a.o
CoDisableBranchPrediction                         cp15a.o
                                                  cp15.o
CoDisableDCache                                   cp15a.o
                                                  cp15.o
CoDisableFiq                                      cp15a.o
CoDisableICache                                   cp15a.o
                                                  cp15.o
CoDisableIrq                                      cp15a.o
CoDisableL2PrefetchHint                           cp15a.o
                                                  cp15.o
CoDisableMmu                                      cp15a.o
                                                  cp15.o
CoDisableUnalignedAccess                          cp15a.o
CoDisableVectoredInt                              cp15a.o
CoEnableAlignFault                                cp15a.o
CoEnableBranchPrediction                          cp15a.o
                                                  cp15.o
CoEnableDCache                                    cp15a.o
                                                  cp15.o
CoEnableFiq                                       cp15a.o
CoEnableICache                                    cp15a.o
                                                  cp15.o
CoEnableIrq                                       cp15a.o
CoEnableL2PrefetchHint                            cp15a.o
                                                  cp15.o
CoEnableMmu                                       cp15a.o
                                                  cp15.o
CoEnableNeon                                      cp15a.o
CoEnableUnalignedAccess                           cp15a.o
CoEnableVectoredInt                               cp15a.o
CoEnableVfp                                       cp15a.o
CoGetASID                                         cp15a.o
                                                  main.o
                                                  Exception.o
CoGetCacheSizeID                                  cp15a.o
CoGetNormalMemRemapReg                            cp15a.o
CoGetOSReadPA                                     cp15a.o
                                                  cp15.o
CoGetOSWritePA                                    cp15a.o
                                                  cp15.o
CoGetPAfromVA                                     cp15.o
CoGetPAreg                                        cp15a.o
CoGetUserReadPA                                   cp15a.o
                                                  cp15.o
CoGetUserWritePA                                  cp15a.o
                                                  cp15.o
CoInitMmuAndL1L2Cache                             cp15.o
                                                  main.o
CoInvalidateBothCaches                            cp15a.o
CoInvalidateDCache                                cp15a.o
CoInvalidateDCacheForV7                           cp15a.o
CoInvalidateDCacheIndex                           cp15a.o
                                                  cp15.o
CoInvalidateDCacheVA                              cp15a.o
CoInvalidateDTlb                                  cp15a.o
CoInvalidateDTlbASID                              cp15a.o
CoInvalidateDTlbVA                                cp15a.o
CoInvalidateICache                                cp15a.o
                                                  cp15.o
CoInvalidateITlb                                  cp15a.o
CoInvalidateITlbASID                              cp15a.o
CoInvalidateITlbVA                                cp15a.o
CoInvalidateMainTlb                               cp15a.o
                                                  cp15.o
CoInvalidateMainTlbASID                           cp15a.o
CoInvalidateMainTlbVA                             cp15a.o
CoLockL2Cache                                     cp15a.o
CoNonSecureAccCtrl                                cp15a.o
CoPrefetchICacheLineVA                            cp15a.o
CoReadCCSIDR                                      cp15a.o
CoReadCLIDR                                       cp15a.o
CoReadCSSELR                                      cp15a.o
CoReadCTR                                         cp15a.o
CoSelTTBReg0                                      cp15a.o
CoSetASID                                         cp15a.o
                                                  main.o
                                                  Exception.o
CoSetAsyncBusMode                                 cp15a.o
CoSetDCacheLockdownBase                           cp15a.o
CoSetDTlbLockdown                                 cp15a.o
CoSetDomain                                       cp15a.o
                                                  cp15.o
CoSetExceptonVectoerBase                          cp15a.o
CoSetFastBusMode                                  cp15a.o
CoSetICacheLockdownBase                           cp15a.o
CoSetIF                                           cp15a.o
CoSetITlbLockdown                                 cp15a.o
CoSetL2CacheAuxCrtlReg                            cp15a.o
CoSetL2CacheLines                                 cp15a.o
CoSetMpll                                         cp15a.o
CoSetProcessId                                    cp15a.o
CoSetTTBase                                       cp15a.o
                                                  cp15.o
                                                  Exception.o
CoStartMmuAndDCache                               cp15.o
CoStartMmuAndL1L2Cache                            cp15.o
CoStopMmuAndL1L2Cache                             cp15.o
CoStopPLE                                         cp15a.o
CoUnLockL2Cache                                   cp15a.o
CoWaitForInterrupt                                cp15a.o
CoWrIF                                            cp15a.o
DABT_Falut_Address                                asm_function.o
                                                  Exception.o
DABT_Falut_Status                                 asm_function.o
                                                  Exception.o
Dabort_Handler                                    Exception.o
                                                  crt0.o
Delay                                             runtime.o
Display_frame                                     graphics.o
GIC_CPU_Interface_Enable                          gic.o
                                                  main.o
GIC_Clear_Pending_Clear                           gic.o
                                                  uart.o
                                                  sdhc.o
                                                  Exception.o
GIC_Distributor_Enable                            gic.o
                                                  main.o
GIC_Generate_SGI                                  gic.o
GIC_Interrupt_Disable                             gic.o
                                                  uart.o
                                                  timer.o
                                                  sdhc.o
                                                  key.o
GIC_Interrupt_Enable                              gic.o
                                                  uart.o
                                                  timer.o
                                                  sdhc.o
                                                  key.o
GIC_Read_INTACK                                   gic.o
GIC_Set_Interrupt_Priority                        gic.o
                                                  uart.o
                                                  timer.o
                                                  sdhc.o
                                                  key.o
GIC_Set_Priority_Mask                             gic.o
                                                  main.o
GIC_Set_Processor_Target                          gic.o
                                                  uart.o
                                                  timer.o
                                                  sdhc.o
                                                  key.o
GIC_Write_EOI                                     gic.o
                                                  Exception.o
Get_Heap_Base                                     runtime.o
Get_Heap_Limit                                    runtime.o
Get_SP                                            asm_function.o
Get_Stack_Base                                    runtime.o
Get_Stack_Limit                                   runtime.o
Get_User_SP                                       asm_function.o
Get_User_Stack_Base                               asm_function.o
Get_User_Stack_Limit                              asm_function.o
HanTable                                          graphics.o
ICCEOIR                                           gic.o
ICCIAR                                            gic.o
ICCICR                                            gic.o
ICCPMR                                            gic.o
ICDICER0                                          gic.o
ICDICERn                                          gic.o
ICDICPR0                                          gic.o
ICDIPR0                                           gic.o
ICDIPTR0                                          gic.o
ICDISER0                                          gic.o
ICDISERn                                          gic.o
IRQ_Context_Switch                                Exception.o
                                                  asm_function.o
ISR_Vector                                        Exception.o
                                                  crt0.o
Invalid_ISR                                       Exception.o
Key3_ISR                                          Exception.o
Key4_ISR                                          Exception.o
Key_Get_Key_Pressed                               key.o
Key_ISR_Enable                                    key.o
                                                  main.o
Key_ISR_Init                                      key.o
                                                  main.o
Key_Poll_Init                                     key.o
Key_Wait_Key_Pressed                              key.o
Key_Wait_Key_Released                             key.o
L2C_CleanAndInvalidate_All                        cp15.o
L2C_CleanAndInvalidate_PA                         cp15.o
L2C_CleanAndInvalidate_SetWay                     cp15.o
L2C_CleanAndInvalidate_VA                         cp15.o
L2C_CleanAndInvalidate_Way                        cp15.o
L2C_Clean_All                                     cp15.o
L2C_Clean_PA                                      cp15.o
L2C_Clean_SetWay                                  cp15.o
L2C_Clean_VA                                      cp15.o
L2C_Clean_Way                                     cp15.o
L2C_Disable                                       cp15.o
L2C_Enable                                        cp15.o
L2C_Invalidate_All                                cp15.o
L2C_Invalidate_PA                                 cp15.o
L2C_Invalidate_VA                                 cp15.o
L2C_Invalidate_Way                                cp15.o
LCD_Clock_Init                                    graphics.o
LED_Display                                       led.o
                                                  Exception.o
LED_Init                                          led.o
                                                  main.o
Lcd_Brightness_Control                            graphics.o
                                                  main.o
Lcd_Clr_Screen                                    graphics.o
Lcd_Draw_BMP                                      graphics.o
Lcd_Draw_BMP_File_24bpp                           graphics.o
Lcd_Draw_Back_Color                               graphics.o
                                                  main.o
Lcd_Draw_Bar                                      graphics.o
Lcd_Draw_Image                                    graphics.o
Lcd_Draw_Line                                     graphics.o
Lcd_Draw_STACK                                    graphics.o
Lcd_Eng_Putch                                     graphics.o
Lcd_Get_Info_BMP                                  graphics.o
Lcd_Get_Pixel                                     graphics.o
Lcd_Get_Pixel_Address                             graphics.o
Lcd_Han_Putch                                     graphics.o
Lcd_Init                                          graphics.o
                                                  main.o
Lcd_Printf                                        graphics.o
Lcd_Put_Pixel                                     graphics.o
Lcd_Puts                                          graphics.o
Lcd_Select_Display_Frame_Buffer                   graphics.o
                                                  main.o
Lcd_Select_Draw_Frame_Buffer                      graphics.o
                                                  main.o
Lcd_Win_Init                                      graphics.o
                                                  main.o
Main                                              main.o
                                                  crt0.o
Main_ID                                           asm_function.o
PABT_Falut_Address                                asm_function.o
                                                  Exception.o
PABT_Falut_Status                                 asm_function.o
                                                  Exception.o
Pabort_Handler                                    Exception.o
                                                  crt0.o
Restore_Context_And_Switch                        asm_function.o
                                                  Exception.o
Run_App                                           asm_function.o
                                                  main.o
SDHC_ACMD41                                       sdhc.o
SDHC_ACMD6_4bit                                   sdhc.o
SDHC_BusPower_Control                             sdhc.o
SDHC_CMD0                                         sdhc.o
SDHC_CMD2                                         sdhc.o
SDHC_CMD3                                         sdhc.o
SDHC_CMD55                                        sdhc.o
SDHC_CMD7                                         sdhc.o
SDHC_CMD8                                         sdhc.o
SDHC_Card_Init                                    sdhc.o
SDHC_Change_Dat_Width_4bit                        sdhc.o
SDHC_Clock_Stop                                   sdhc.o
SDHC_Clock_Supply                                 sdhc.o
SDHC_ISR                                          Exception.o
SDHC_ISR_Enable                                   sdhc.o
SDHC_Init                                         sdhc.o
SDHC_Port_Init                                    sdhc.o
SD_Read_Sector                                    sdhc.o
                                                  main.o
SD_Write_Sector                                   sdhc.o
SVC_Handler                                       Exception.o
                                                  crt0.o
Save_Context                                      asm_function.o
                                                  Exception.o
Selected_frame                                    graphics.o
Selected_win                                      graphics.o
SetTransTable                                     cp15.o
TLB_Type                                          asm_function.o
Timer0_Delay                                      timer.o
Timer0_ISR                                        Exception.o
Timer0_Int_Delay                                  timer.o
Uart1_GetIntNum                                   uart.o
Uart1_GetString                                   uart.o
Uart1_Get_Char                                    uart.o
                                                  main.o
Uart1_Get_Pressed                                 uart.o
Uart1_ISR                                         Exception.o
Uart1_ISR_Enable                                  uart.o
Uart1_Init                                        uart.o
                                                  main.o
Uart1_Printf                                      uart.o
                                                  main.o
                                                  graphics.o
                                                  Exception.o
Uart1_Send_Byte                                   uart.o
Uart1_Send_String                                 uart.o
Undef_Handler                                     Exception.o
                                                  crt0.o
_Balloc                                           C:\CodeSourcery\Sourcery G++ Lite/arm-none-eabi/lib\libc.a(lib_a-mprec.o)
                                                  C:\CodeSourcery\Sourcery G++ Lite/arm-none-eabi/lib\libc.a(lib_a-dtoa.o)
_Bfree                                            C:\CodeSourcery\Sourcery G++ Lite/arm-none-eabi/lib\libc.a(lib_a-mprec.o)
                                                  C:\CodeSourcery\Sourcery G++ Lite/arm-none-eabi/lib\libc.a(lib_a-dtoa.o)
_PathLocale                                       C:\CodeSourcery\Sourcery G++ Lite/arm-none-eabi/lib\libc.a(lib_a-locale.o)
__ZI_BASE__                                       crt0.o
__ZI_LIMIT__                                      crt0.o
                                                  runtime.o
__adddf3                                          C:\CodeSourcery\Sourcery G++ Lite/lib/gcc/arm-none-eabi/4.8.1\libgcc.a(_arm_addsubdf3.o)
__aeabi_cdcmpeq                                   C:\CodeSourcery\Sourcery G++ Lite/lib/gcc/arm-none-eabi/4.8.1\libgcc.a(_arm_cmpdf2.o)
__aeabi_cdcmple                                   C:\CodeSourcery\Sourcery G++ Lite/lib/gcc/arm-none-eabi/4.8.1\libgcc.a(_arm_cmpdf2.o)
__aeabi_cdrcmple                                  C:\CodeSourcery\Sourcery G++ Lite/lib/gcc/arm-none-eabi/4.8.1\libgcc.a(_arm_cmpdf2.o)
__aeabi_d2iz                                      C:\CodeSourcery\Sourcery G++ Lite/lib/gcc/arm-none-eabi/4.8.1\libgcc.a(_arm_fixdfsi.o)
                                                  C:\CodeSourcery\Sourcery G++ Lite/arm-none-eabi/lib\libc.a(lib_a-dtoa.o)
__aeabi_dadd                                      C:\CodeSourcery\Sourcery G++ Lite/lib/gcc/arm-none-eabi/4.8.1\libgcc.a(_arm_addsubdf3.o)
                                                  C:\CodeSourcery\Sourcery G++ Lite/arm-none-eabi/lib\libc.a(lib_a-dtoa.o)
__aeabi_dcmpeq                                    C:\CodeSourcery\Sourcery G++ Lite/lib/gcc/arm-none-eabi/4.8.1\libgcc.a(_arm_cmpdf2.o)
                                                  C:\CodeSourcery\Sourcery G++ Lite/arm-none-eabi/lib\libc.a(lib_a-dtoa.o)
                                                  C:\CodeSourcery\Sourcery G++ Lite/arm-none-eabi/lib\libc.a(lib_a-svfprintf.o)
__aeabi_dcmpge                                    C:\CodeSourcery\Sourcery G++ Lite/lib/gcc/arm-none-eabi/4.8.1\libgcc.a(_arm_cmpdf2.o)
                                                  C:\CodeSourcery\Sourcery G++ Lite/arm-none-eabi/lib\libc.a(lib_a-dtoa.o)
__aeabi_dcmpgt                                    C:\CodeSourcery\Sourcery G++ Lite/lib/gcc/arm-none-eabi/4.8.1\libgcc.a(_arm_cmpdf2.o)
                                                  C:\CodeSourcery\Sourcery G++ Lite/arm-none-eabi/lib\libc.a(lib_a-dtoa.o)
__aeabi_dcmple                                    C:\CodeSourcery\Sourcery G++ Lite/lib/gcc/arm-none-eabi/4.8.1\libgcc.a(_arm_cmpdf2.o)
__aeabi_dcmplt                                    C:\CodeSourcery\Sourcery G++ Lite/lib/gcc/arm-none-eabi/4.8.1\libgcc.a(_arm_cmpdf2.o)
                                                  C:\CodeSourcery\Sourcery G++ Lite/arm-none-eabi/lib\libc.a(lib_a-dtoa.o)
                                                  C:\CodeSourcery\Sourcery G++ Lite/arm-none-eabi/lib\libc.a(lib_a-svfprintf.o)
__aeabi_ddiv                                      C:\CodeSourcery\Sourcery G++ Lite/lib/gcc/arm-none-eabi/4.8.1\libgcc.a(_arm_muldivdf3.o)
                                                  C:\CodeSourcery\Sourcery G++ Lite/arm-none-eabi/lib\libc.a(lib_a-mprec.o)
                                                  C:\CodeSourcery\Sourcery G++ Lite/arm-none-eabi/lib\libc.a(lib_a-dtoa.o)
__aeabi_dmul                                      C:\CodeSourcery\Sourcery G++ Lite/lib/gcc/arm-none-eabi/4.8.1\libgcc.a(_arm_muldivdf3.o)
                                                  C:\CodeSourcery\Sourcery G++ Lite/arm-none-eabi/lib\libc.a(lib_a-mprec.o)
                                                  C:\CodeSourcery\Sourcery G++ Lite/arm-none-eabi/lib\libc.a(lib_a-dtoa.o)
__aeabi_drsub                                     C:\CodeSourcery\Sourcery G++ Lite/lib/gcc/arm-none-eabi/4.8.1\libgcc.a(_arm_addsubdf3.o)
__aeabi_dsub                                      C:\CodeSourcery\Sourcery G++ Lite/lib/gcc/arm-none-eabi/4.8.1\libgcc.a(_arm_addsubdf3.o)
                                                  C:\CodeSourcery\Sourcery G++ Lite/arm-none-eabi/lib\libc.a(lib_a-dtoa.o)
__aeabi_f2d                                       C:\CodeSourcery\Sourcery G++ Lite/lib/gcc/arm-none-eabi/4.8.1\libgcc.a(_arm_addsubdf3.o)
__aeabi_i2d                                       C:\CodeSourcery\Sourcery G++ Lite/lib/gcc/arm-none-eabi/4.8.1\libgcc.a(_arm_addsubdf3.o)
                                                  C:\CodeSourcery\Sourcery G++ Lite/arm-none-eabi/lib\libc.a(lib_a-dtoa.o)
__aeabi_idiv0                                     C:\CodeSourcery\Sourcery G++ Lite/lib/gcc/arm-none-eabi/4.8.1\libgcc.a(_dvmd_tls.o)
                                                  C:\CodeSourcery\Sourcery G++ Lite/lib/gcc/arm-none-eabi/4.8.1\libgcc.a(_udivsi3.o)
__aeabi_l2d                                       C:\CodeSourcery\Sourcery G++ Lite/lib/gcc/arm-none-eabi/4.8.1\libgcc.a(_arm_addsubdf3.o)
__aeabi_ldiv0                                     C:\CodeSourcery\Sourcery G++ Lite/lib/gcc/arm-none-eabi/4.8.1\libgcc.a(_dvmd_tls.o)
                                                  C:\CodeSourcery\Sourcery G++ Lite/lib/gcc/arm-none-eabi/4.8.1\libgcc.a(_aeabi_uldivmod.o)
__aeabi_ui2d                                      C:\CodeSourcery\Sourcery G++ Lite/lib/gcc/arm-none-eabi/4.8.1\libgcc.a(_arm_addsubdf3.o)
                                                  C:\CodeSourcery\Sourcery G++ Lite/arm-none-eabi/lib\libc.a(lib_a-dtoa.o)
__aeabi_uidiv                                     C:\CodeSourcery\Sourcery G++ Lite/lib/gcc/arm-none-eabi/4.8.1\libgcc.a(_udivsi3.o)
                                                  C:\CodeSourcery\Sourcery G++ Lite/lib/gcc/arm-none-eabi/4.8.1\libgcc.a(_udivdi3.o)
                                                  C:\CodeSourcery\Sourcery G++ Lite/lib/gcc/arm-none-eabi/4.8.1\libgcc.a(_divdi3.o)
                                                  C:\CodeSourcery\Sourcery G++ Lite/arm-none-eabi/lib\libc.a(lib_a-dtoa.o)
                                                  C:\CodeSourcery\Sourcery G++ Lite/arm-none-eabi/lib\libc.a(lib_a-strtol.o)
__aeabi_uidivmod                                  C:\CodeSourcery\Sourcery G++ Lite/lib/gcc/arm-none-eabi/4.8.1\libgcc.a(_udivsi3.o)
                                                  C:\CodeSourcery\Sourcery G++ Lite/lib/gcc/arm-none-eabi/4.8.1\libgcc.a(_udivdi3.o)
                                                  C:\CodeSourcery\Sourcery G++ Lite/lib/gcc/arm-none-eabi/4.8.1\libgcc.a(_divdi3.o)
                                                  C:\CodeSourcery\Sourcery G++ Lite/arm-none-eabi/lib\libc.a(lib_a-strtol.o)
__aeabi_ul2d                                      C:\CodeSourcery\Sourcery G++ Lite/lib/gcc/arm-none-eabi/4.8.1\libgcc.a(_arm_addsubdf3.o)
__aeabi_uldivmod                                  C:\CodeSourcery\Sourcery G++ Lite/lib/gcc/arm-none-eabi/4.8.1\libgcc.a(_aeabi_uldivmod.o)
                                                  C:\CodeSourcery\Sourcery G++ Lite/arm-none-eabi/lib\libc.a(lib_a-svfiprintf.o)
                                                  C:\CodeSourcery\Sourcery G++ Lite/arm-none-eabi/lib\libc.a(lib_a-svfprintf.o)
__any_on                                          C:\CodeSourcery\Sourcery G++ Lite/arm-none-eabi/lib\libc.a(lib_a-mprec.o)
__b2d                                             C:\CodeSourcery\Sourcery G++ Lite/arm-none-eabi/lib\libc.a(lib_a-mprec.o)
__clzsi2                                          C:\CodeSourcery\Sourcery G++ Lite/lib/gcc/arm-none-eabi/4.8.1\libgcc.a(_clzsi2.o)
                                                  C:\CodeSourcery\Sourcery G++ Lite/lib/gcc/arm-none-eabi/4.8.1\libgcc.a(_udivdi3.o)
                                                  C:\CodeSourcery\Sourcery G++ Lite/lib/gcc/arm-none-eabi/4.8.1\libgcc.a(_divdi3.o)
__cmpdf2                                          C:\CodeSourcery\Sourcery G++ Lite/lib/gcc/arm-none-eabi/4.8.1\libgcc.a(_arm_cmpdf2.o)
__copybits                                        C:\CodeSourcery\Sourcery G++ Lite/arm-none-eabi/lib\libc.a(lib_a-mprec.o)
__ctype_ptr__                                     C:\CodeSourcery\Sourcery G++ Lite/arm-none-eabi/lib\libc.a(lib_a-ctype_.o)
                                                  C:\CodeSourcery\Sourcery G++ Lite/arm-none-eabi/lib\libc.a(lib_a-strtol.o)
                                                  uart.o
__d2b                                             C:\CodeSourcery\Sourcery G++ Lite/arm-none-eabi/lib\libc.a(lib_a-mprec.o)
                                                  C:\CodeSourcery\Sourcery G++ Lite/arm-none-eabi/lib\libc.a(lib_a-dtoa.o)
__divdf3                                          C:\CodeSourcery\Sourcery G++ Lite/lib/gcc/arm-none-eabi/4.8.1\libgcc.a(_arm_muldivdf3.o)
__divdi3                                          C:\CodeSourcery\Sourcery G++ Lite/lib/gcc/arm-none-eabi/4.8.1\libgcc.a(_divdi3.o)
                                                  C:\CodeSourcery\Sourcery G++ Lite/lib/gcc/arm-none-eabi/4.8.1\libgcc.a(bpabi.o)
__eqdf2                                           C:\CodeSourcery\Sourcery G++ Lite/lib/gcc/arm-none-eabi/4.8.1\libgcc.a(_arm_cmpdf2.o)
__extendsfdf2                                     C:\CodeSourcery\Sourcery G++ Lite/lib/gcc/arm-none-eabi/4.8.1\libgcc.a(_arm_addsubdf3.o)
__fixdfsi                                         C:\CodeSourcery\Sourcery G++ Lite/lib/gcc/arm-none-eabi/4.8.1\libgcc.a(_arm_fixdfsi.o)
__floatdidf                                       C:\CodeSourcery\Sourcery G++ Lite/lib/gcc/arm-none-eabi/4.8.1\libgcc.a(_arm_addsubdf3.o)
__floatsidf                                       C:\CodeSourcery\Sourcery G++ Lite/lib/gcc/arm-none-eabi/4.8.1\libgcc.a(_arm_addsubdf3.o)
__floatundidf                                     C:\CodeSourcery\Sourcery G++ Lite/lib/gcc/arm-none-eabi/4.8.1\libgcc.a(_arm_addsubdf3.o)
__floatunsidf                                     C:\CodeSourcery\Sourcery G++ Lite/lib/gcc/arm-none-eabi/4.8.1\libgcc.a(_arm_addsubdf3.o)
__fpclassifyd                                     C:\CodeSourcery\Sourcery G++ Lite/arm-none-eabi/lib\libc.a(lib_a-s_fpclassify.o)
                                                  C:\CodeSourcery\Sourcery G++ Lite/arm-none-eabi/lib\libc.a(lib_a-svfprintf.o)
__gedf2                                           C:\CodeSourcery\Sourcery G++ Lite/lib/gcc/arm-none-eabi/4.8.1\libgcc.a(_arm_cmpdf2.o)
__gnu_ldivmod_helper                              C:\CodeSourcery\Sourcery G++ Lite/lib/gcc/arm-none-eabi/4.8.1\libgcc.a(bpabi.o)
__gnu_uldivmod_helper                             C:\CodeSourcery\Sourcery G++ Lite/lib/gcc/arm-none-eabi/4.8.1\libgcc.a(bpabi.o)
                                                  C:\CodeSourcery\Sourcery G++ Lite/lib/gcc/arm-none-eabi/4.8.1\libgcc.a(_aeabi_uldivmod.o)
__gtdf2                                           C:\CodeSourcery\Sourcery G++ Lite/lib/gcc/arm-none-eabi/4.8.1\libgcc.a(_arm_cmpdf2.o)
__hi0bits                                         C:\CodeSourcery\Sourcery G++ Lite/arm-none-eabi/lib\libc.a(lib_a-mprec.o)
                                                  C:\CodeSourcery\Sourcery G++ Lite/arm-none-eabi/lib\libc.a(lib_a-dtoa.o)
__i2b                                             C:\CodeSourcery\Sourcery G++ Lite/arm-none-eabi/lib\libc.a(lib_a-mprec.o)
                                                  C:\CodeSourcery\Sourcery G++ Lite/arm-none-eabi/lib\libc.a(lib_a-dtoa.o)
__ledf2                                           C:\CodeSourcery\Sourcery G++ Lite/lib/gcc/arm-none-eabi/4.8.1\libgcc.a(_arm_cmpdf2.o)
__lo0bits                                         C:\CodeSourcery\Sourcery G++ Lite/arm-none-eabi/lib\libc.a(lib_a-mprec.o)
__locale_charset                                  C:\CodeSourcery\Sourcery G++ Lite/arm-none-eabi/lib\libc.a(lib_a-locale.o)
__locale_cjk_lang                                 C:\CodeSourcery\Sourcery G++ Lite/arm-none-eabi/lib\libc.a(lib_a-locale.o)
__locale_mb_cur_max                               C:\CodeSourcery\Sourcery G++ Lite/arm-none-eabi/lib\libc.a(lib_a-locale.o)
__locale_msgcharset                               C:\CodeSourcery\Sourcery G++ Lite/arm-none-eabi/lib\libc.a(lib_a-locale.o)
__lshift                                          C:\CodeSourcery\Sourcery G++ Lite/arm-none-eabi/lib\libc.a(lib_a-mprec.o)
                                                  C:\CodeSourcery\Sourcery G++ Lite/arm-none-eabi/lib\libc.a(lib_a-dtoa.o)
__ltdf2                                           C:\CodeSourcery\Sourcery G++ Lite/lib/gcc/arm-none-eabi/4.8.1\libgcc.a(_arm_cmpdf2.o)
__malloc_av_                                      C:\CodeSourcery\Sourcery G++ Lite/arm-none-eabi/lib\libc.a(lib_a-mallocr.o)
                                                  C:\CodeSourcery\Sourcery G++ Lite/arm-none-eabi/lib\libc.a(lib_a-reallocr.o)
                                                  C:\CodeSourcery\Sourcery G++ Lite/arm-none-eabi/lib\libc.a(lib_a-freer.o)
__malloc_current_mallinfo                         C:\CodeSourcery\Sourcery G++ Lite/arm-none-eabi/lib\libc.a(lib_a-mallocr.o)
                                                  C:\CodeSourcery\Sourcery G++ Lite/arm-none-eabi/lib\libc.a(lib_a-freer.o)
__malloc_lock                                     C:\CodeSourcery\Sourcery G++ Lite/arm-none-eabi/lib\libc.a(lib_a-mlock.o)
                                                  C:\CodeSourcery\Sourcery G++ Lite/arm-none-eabi/lib\libc.a(lib_a-reallocr.o)
                                                  C:\CodeSourcery\Sourcery G++ Lite/arm-none-eabi/lib\libc.a(lib_a-freer.o)
                                                  C:\CodeSourcery\Sourcery G++ Lite/arm-none-eabi/lib\libc.a(lib_a-mallocr.o)
__malloc_max_sbrked_mem                           C:\CodeSourcery\Sourcery G++ Lite/arm-none-eabi/lib\libc.a(lib_a-mallocr.o)
__malloc_max_total_mem                            C:\CodeSourcery\Sourcery G++ Lite/arm-none-eabi/lib\libc.a(lib_a-mallocr.o)
__malloc_sbrk_base                                C:\CodeSourcery\Sourcery G++ Lite/arm-none-eabi/lib\libc.a(lib_a-mallocr.o)
                                                  C:\CodeSourcery\Sourcery G++ Lite/arm-none-eabi/lib\libc.a(lib_a-freer.o)
__malloc_top_pad                                  C:\CodeSourcery\Sourcery G++ Lite/arm-none-eabi/lib\libc.a(lib_a-mallocr.o)
                                                  C:\CodeSourcery\Sourcery G++ Lite/arm-none-eabi/lib\libc.a(lib_a-freer.o)
__malloc_trim_threshold                           C:\CodeSourcery\Sourcery G++ Lite/arm-none-eabi/lib\libc.a(lib_a-mallocr.o)
                                                  C:\CodeSourcery\Sourcery G++ Lite/arm-none-eabi/lib\libc.a(lib_a-freer.o)
__malloc_unlock                                   C:\CodeSourcery\Sourcery G++ Lite/arm-none-eabi/lib\libc.a(lib_a-mlock.o)
                                                  C:\CodeSourcery\Sourcery G++ Lite/arm-none-eabi/lib\libc.a(lib_a-reallocr.o)
                                                  C:\CodeSourcery\Sourcery G++ Lite/arm-none-eabi/lib\libc.a(lib_a-freer.o)
                                                  C:\CodeSourcery\Sourcery G++ Lite/arm-none-eabi/lib\libc.a(lib_a-mallocr.o)
__mb_cur_max                                      C:\CodeSourcery\Sourcery G++ Lite/arm-none-eabi/lib\libc.a(lib_a-locale.o)
__mcmp                                            C:\CodeSourcery\Sourcery G++ Lite/arm-none-eabi/lib\libc.a(lib_a-mprec.o)
                                                  C:\CodeSourcery\Sourcery G++ Lite/arm-none-eabi/lib\libc.a(lib_a-dtoa.o)
__mdiff                                           C:\CodeSourcery\Sourcery G++ Lite/arm-none-eabi/lib\libc.a(lib_a-mprec.o)
                                                  C:\CodeSourcery\Sourcery G++ Lite/arm-none-eabi/lib\libc.a(lib_a-dtoa.o)
__mlocale_changed                                 C:\CodeSourcery\Sourcery G++ Lite/arm-none-eabi/lib\libc.a(lib_a-locale.o)
__mprec_bigtens                                   C:\CodeSourcery\Sourcery G++ Lite/arm-none-eabi/lib\libc.a(lib_a-mprec.o)
                                                  C:\CodeSourcery\Sourcery G++ Lite/arm-none-eabi/lib\libc.a(lib_a-dtoa.o)
__mprec_tens                                      C:\CodeSourcery\Sourcery G++ Lite/arm-none-eabi/lib\libc.a(lib_a-mprec.o)
                                                  C:\CodeSourcery\Sourcery G++ Lite/arm-none-eabi/lib\libc.a(lib_a-dtoa.o)
__mprec_tinytens                                  C:\CodeSourcery\Sourcery G++ Lite/arm-none-eabi/lib\libc.a(lib_a-mprec.o)
__muldf3                                          C:\CodeSourcery\Sourcery G++ Lite/lib/gcc/arm-none-eabi/4.8.1\libgcc.a(_arm_muldivdf3.o)
__multadd                                         C:\CodeSourcery\Sourcery G++ Lite/arm-none-eabi/lib\libc.a(lib_a-mprec.o)
                                                  C:\CodeSourcery\Sourcery G++ Lite/arm-none-eabi/lib\libc.a(lib_a-dtoa.o)
__multiply                                        C:\CodeSourcery\Sourcery G++ Lite/arm-none-eabi/lib\libc.a(lib_a-mprec.o)
                                                  C:\CodeSourcery\Sourcery G++ Lite/arm-none-eabi/lib\libc.a(lib_a-dtoa.o)
__nedf2                                           C:\CodeSourcery\Sourcery G++ Lite/lib/gcc/arm-none-eabi/4.8.1\libgcc.a(_arm_cmpdf2.o)
__nlocale_changed                                 C:\CodeSourcery\Sourcery G++ Lite/arm-none-eabi/lib\libc.a(lib_a-locale.o)
__pow5mult                                        C:\CodeSourcery\Sourcery G++ Lite/arm-none-eabi/lib\libc.a(lib_a-mprec.o)
                                                  C:\CodeSourcery\Sourcery G++ Lite/arm-none-eabi/lib\libc.a(lib_a-dtoa.o)
__ratio                                           C:\CodeSourcery\Sourcery G++ Lite/arm-none-eabi/lib\libc.a(lib_a-mprec.o)
__s2b                                             C:\CodeSourcery\Sourcery G++ Lite/arm-none-eabi/lib\libc.a(lib_a-mprec.o)
__ssprint_r                                       C:\CodeSourcery\Sourcery G++ Lite/arm-none-eabi/lib\libc.a(lib_a-svfiprintf.o)
                                                  C:\CodeSourcery\Sourcery G++ Lite/arm-none-eabi/lib\libc.a(lib_a-svfprintf.o)
__start                                           crt0.o
                                                  cp15a.o
__subdf3                                          C:\CodeSourcery\Sourcery G++ Lite/lib/gcc/arm-none-eabi/4.8.1\libgcc.a(_arm_addsubdf3.o)
__udivdi3                                         C:\CodeSourcery\Sourcery G++ Lite/lib/gcc/arm-none-eabi/4.8.1\libgcc.a(_udivdi3.o)
                                                  C:\CodeSourcery\Sourcery G++ Lite/lib/gcc/arm-none-eabi/4.8.1\libgcc.a(bpabi.o)
__udivsi3                                         C:\CodeSourcery\Sourcery G++ Lite/lib/gcc/arm-none-eabi/4.8.1\libgcc.a(_udivsi3.o)
__ulp                                             C:\CodeSourcery\Sourcery G++ Lite/arm-none-eabi/lib\libc.a(lib_a-mprec.o)
_atoi_r                                           C:\CodeSourcery\Sourcery G++ Lite/arm-none-eabi/lib\libc.a(lib_a-atoi.o)
_calloc_r                                         C:\CodeSourcery\Sourcery G++ Lite/arm-none-eabi/lib\libc.a(lib_a-callocr.o)
                                                  C:\CodeSourcery\Sourcery G++ Lite/arm-none-eabi/lib\libc.a(lib_a-mprec.o)
_ctype_                                           C:\CodeSourcery\Sourcery G++ Lite/arm-none-eabi/lib\libc.a(lib_a-ctype_.o)
_dtoa_r                                           C:\CodeSourcery\Sourcery G++ Lite/arm-none-eabi/lib\libc.a(lib_a-dtoa.o)
                                                  C:\CodeSourcery\Sourcery G++ Lite/arm-none-eabi/lib\libc.a(lib_a-svfprintf.o)
_free_r                                           C:\CodeSourcery\Sourcery G++ Lite/arm-none-eabi/lib\libc.a(lib_a-freer.o)
                                                  C:\CodeSourcery\Sourcery G++ Lite/arm-none-eabi/lib\libc.a(lib_a-reent.o)
                                                  C:\CodeSourcery\Sourcery G++ Lite/arm-none-eabi/lib\libc.a(lib_a-reallocr.o)
                                                  C:\CodeSourcery\Sourcery G++ Lite/arm-none-eabi/lib\libc.a(lib_a-svfiprintf.o)
                                                  C:\CodeSourcery\Sourcery G++ Lite/arm-none-eabi/lib\libc.a(lib_a-mallocr.o)
_global_impure_ptr                                C:\CodeSourcery\Sourcery G++ Lite/arm-none-eabi/lib\libc.a(lib_a-impure.o)
_impure_ptr                                       C:\CodeSourcery\Sourcery G++ Lite/arm-none-eabi/lib\libc.a(lib_a-impure.o)
                                                  C:\CodeSourcery\Sourcery G++ Lite/arm-none-eabi/lib\libc.a(lib_a-reent.o)
                                                  C:\CodeSourcery\Sourcery G++ Lite/arm-none-eabi/lib\libc.a(lib_a-locale.o)
                                                  C:\CodeSourcery\Sourcery G++ Lite/arm-none-eabi/lib\libc.a(lib_a-vsprintf.o)
                                                  C:\CodeSourcery\Sourcery G++ Lite/arm-none-eabi/lib\libc.a(lib_a-strtol.o)
_localeconv_r                                     C:\CodeSourcery\Sourcery G++ Lite/arm-none-eabi/lib\libc.a(lib_a-locale.o)
                                                  C:\CodeSourcery\Sourcery G++ Lite/arm-none-eabi/lib\libc.a(lib_a-svfprintf.o)